0 verbose cli C:\Program Files\nodejs\node.exe C:\Program Files\nodejs\node_modules\npm\bin\npm-cli.js
1 info using npm@11.13.0
2 info using node@v24.16.0
3 silly config load:file:C:\Program Files\nodejs\node_modules\npm\npmrc
4 silly config load:file:C:\Users\leand\OneDrive\Documents\Backoffice Vendedores\.npmrc
5 silly config load:file:C:\Users\leand\.npmrc
6 silly config load:file:C:\Users\leand\AppData\Roaming\npm\etc\npmrc
7 verbose title npm install
8 verbose argv "install" "--cache" ".npm-cache"
9 verbose logfile logs-max:10 dir:C:\Users\leand\OneDrive\Documents\Backoffice Vendedores\.npm-cache\_logs\2026-07-02T19_12_23_721Z-
10 verbose logfile C:\Users\leand\OneDrive\Documents\Backoffice Vendedores\.npm-cache\_logs\2026-07-02T19_12_23_721Z-debug-0.log
11 silly logfile done cleaning log files
12 silly packumentCache heap:4496293888 maxSize:1124073472 maxEntrySize:562036736
13 silly idealTree buildDeps
14 silly fetch manifest @mui/icons-material@^6.1.6
15 silly packumentCache full:https://registry.npmjs.org/@mui%2ficons-material cache-miss
16 http cache https://registry.npmjs.org/@mui%2ficons-material 84ms (cache hit)
17 silly packumentCache full:https://registry.npmjs.org/@mui%2ficons-material set size:10111337 disposed:false
18 silly fetch manifest @mui/material@^6.1.6
19 silly packumentCache full:https://registry.npmjs.org/@mui%2fmaterial cache-miss
20 http cache https://registry.npmjs.org/@mui%2fmaterial 25ms (cache hit)
21 silly packumentCache full:https://registry.npmjs.org/@mui%2fmaterial set size:1331746 disposed:false
22 silly fetch manifest @emotion/react@^11.13.3
23 silly packumentCache full:https://registry.npmjs.org/@emotion%2freact cache-miss
24 http cache https://registry.npmjs.org/@emotion%2freact 22ms (cache hit)
25 silly packumentCache full:https://registry.npmjs.org/@emotion%2freact set size:196423 disposed:false
26 silly fetch manifest react@^18.3.1
27 silly packumentCache full:https://registry.npmjs.org/react cache-miss
28 http cache https://registry.npmjs.org/react 65ms (cache hit)
29 silly packumentCache full:https://registry.npmjs.org/react set size:6760698 disposed:false
30 silly fetch manifest @emotion/styled@^11.13.0
31 silly packumentCache full:https://registry.npmjs.org/@emotion%2fstyled cache-miss
32 http cache https://registry.npmjs.org/@emotion%2fstyled 21ms (cache hit)
33 silly packumentCache full:https://registry.npmjs.org/@emotion%2fstyled set size:286272 disposed:false
34 silly fetch manifest @mui/material-pigment-css@^6.5.0
35 silly packumentCache full:https://registry.npmjs.org/@mui%2fmaterial-pigment-css cache-miss
36 http cache https://registry.npmjs.org/@mui%2fmaterial-pigment-css 23ms (cache hit)
37 silly packumentCache full:https://registry.npmjs.org/@mui%2fmaterial-pigment-css set size:277371 disposed:false
38 silly fetch manifest @pigment-css/react@^0.0.29
39 silly packumentCache full:https://registry.npmjs.org/@pigment-css%2freact cache-miss
40 http cache https://registry.npmjs.org/@pigment-css%2freact 18ms (cache hit)
41 silly packumentCache full:https://registry.npmjs.org/@pigment-css%2freact set size:181060 disposed:false
42 silly fetch manifest @types/react@^18.3.12
43 silly packumentCache full:https://registry.npmjs.org/@types%2freact cache-miss
44 http cache https://registry.npmjs.org/@types%2freact 35ms (cache hit)
45 silly packumentCache full:https://registry.npmjs.org/@types%2freact set size:2632776 disposed:false
46 silly fetch manifest react-dom@^18.3.1
47 silly packumentCache full:https://registry.npmjs.org/react-dom cache-miss
48 http cache https://registry.npmjs.org/react-dom 81ms (cache hit)
49 silly packumentCache full:https://registry.npmjs.org/react-dom set size:9047674 disposed:false
50 silly placeDep ROOT @mui/icons-material@6.5.0 REPLACE for: backoffice-vendedores-minum@1.0.0 want: ^6.1.6
51 silly fetch manifest @esbuild/aix-ppc64@0.21.5
52 silly packumentCache full:https://registry.npmjs.org/@esbuild%2faix-ppc64 cache-miss
53 http cache https://registry.npmjs.org/@esbuild%2faix-ppc64 24ms (cache hit)
54 silly packumentCache full:https://registry.npmjs.org/@esbuild%2faix-ppc64 set size:65972 disposed:false
55 silly fetch manifest @esbuild/android-arm@0.21.5
56 silly packumentCache full:https://registry.npmjs.org/@esbuild%2fandroid-arm cache-miss
57 http cache https://registry.npmjs.org/@esbuild%2fandroid-arm 22ms (cache hit)
58 silly packumentCache full:https://registry.npmjs.org/@esbuild%2fandroid-arm set size:223400 disposed:false
59 silly fetch manifest @esbuild/android-arm64@0.21.5
60 silly packumentCache full:https://registry.npmjs.org/@esbuild%2fandroid-arm64 cache-miss
61 http cache https://registry.npmjs.org/@esbuild%2fandroid-arm64 20ms (cache hit)
62 silly packumentCache full:https://registry.npmjs.org/@esbuild%2fandroid-arm64 set size:202366 disposed:false
63 silly fetch manifest @esbuild/android-x64@0.21.5
64 silly packumentCache full:https://registry.npmjs.org/@esbuild%2fandroid-x64 cache-miss
65 http cache https://registry.npmjs.org/@esbuild%2fandroid-x64 17ms (cache hit)
66 silly packumentCache full:https://registry.npmjs.org/@esbuild%2fandroid-x64 set size:197200 disposed:false
67 silly fetch manifest @esbuild/darwin-arm64@0.21.5
68 silly packumentCache full:https://registry.npmjs.org/@esbuild%2fdarwin-arm64 cache-miss
69 http cache https://registry.npmjs.org/@esbuild%2fdarwin-arm64 20ms (cache hit)
70 silly packumentCache full:https://registry.npmjs.org/@esbuild%2fdarwin-arm64 set size:199630 disposed:false
71 silly fetch manifest @esbuild/darwin-x64@0.21.5
72 silly packumentCache full:https://registry.npmjs.org/@esbuild%2fdarwin-x64 cache-miss
73 http cache https://registry.npmjs.org/@esbuild%2fdarwin-x64 19ms (cache hit)
74 silly packumentCache full:https://registry.npmjs.org/@esbuild%2fdarwin-x64 set size:197848 disposed:false
75 silly fetch manifest @esbuild/freebsd-arm64@0.21.5
76 silly packumentCache full:https://registry.npmjs.org/@esbuild%2ffreebsd-arm64 cache-miss
77 http cache https://registry.npmjs.org/@esbuild%2ffreebsd-arm64 18ms (cache hit)
78 silly packumentCache full:https://registry.npmjs.org/@esbuild%2ffreebsd-arm64 set size:200534 disposed:false
79 silly fetch manifest @esbuild/freebsd-x64@0.21.5
80 silly packumentCache full:https://registry.npmjs.org/@esbuild%2ffreebsd-x64 cache-miss
81 http cache https://registry.npmjs.org/@esbuild%2ffreebsd-x64 20ms (cache hit)
82 silly packumentCache full:https://registry.npmjs.org/@esbuild%2ffreebsd-x64 set size:198734 disposed:false
83 silly fetch manifest @esbuild/linux-arm@0.21.5
84 silly packumentCache full:https://registry.npmjs.org/@esbuild%2flinux-arm cache-miss
85 http cache https://registry.npmjs.org/@esbuild%2flinux-arm 21ms (cache hit)
86 silly packumentCache full:https://registry.npmjs.org/@esbuild%2flinux-arm set size:196784 disposed:false
87 silly fetch manifest @esbuild/linux-arm64@0.21.5
88 silly packumentCache full:https://registry.npmjs.org/@esbuild%2flinux-arm64 cache-miss
89 http cache https://registry.npmjs.org/@esbuild%2flinux-arm64 18ms (cache hit)
90 silly packumentCache full:https://registry.npmjs.org/@esbuild%2flinux-arm64 set size:198939 disposed:false
91 silly fetch manifest @esbuild/linux-ia32@0.21.5
92 silly packumentCache full:https://registry.npmjs.org/@esbuild%2flinux-ia32 cache-miss
93 http cache https://registry.npmjs.org/@esbuild%2flinux-ia32 43ms (cache hit)
94 silly packumentCache full:https://registry.npmjs.org/@esbuild%2flinux-ia32 set size:197805 disposed:false
95 silly fetch manifest @esbuild/linux-loong64@0.21.5
96 silly packumentCache full:https://registry.npmjs.org/@esbuild%2flinux-loong64 cache-miss
97 http cache https://registry.npmjs.org/@esbuild%2flinux-loong64 21ms (cache hit)
98 silly packumentCache full:https://registry.npmjs.org/@esbuild%2flinux-loong64 set size:253896 disposed:false
99 silly fetch manifest @esbuild/linux-mips64el@0.21.5
100 silly packumentCache full:https://registry.npmjs.org/@esbuild%2flinux-mips64el cache-miss
101 http cache https://registry.npmjs.org/@esbuild%2flinux-mips64el 18ms (cache hit)
102 silly packumentCache full:https://registry.npmjs.org/@esbuild%2flinux-mips64el set size:202764 disposed:false
103 silly fetch manifest @esbuild/linux-ppc64@0.21.5
104 silly packumentCache full:https://registry.npmjs.org/@esbuild%2flinux-ppc64 cache-miss
105 http cache https://registry.npmjs.org/@esbuild%2flinux-ppc64 21ms (cache hit)
106 silly packumentCache full:https://registry.npmjs.org/@esbuild%2flinux-ppc64 set size:200994 disposed:false
107 silly fetch manifest @esbuild/linux-riscv64@0.21.5
108 silly packumentCache full:https://registry.npmjs.org/@esbuild%2flinux-riscv64 cache-miss
109 http cache https://registry.npmjs.org/@esbuild%2flinux-riscv64 22ms (cache hit)
110 silly packumentCache full:https://registry.npmjs.org/@esbuild%2flinux-riscv64 set size:200662 disposed:false
111 silly fetch manifest @esbuild/linux-s390x@0.21.5
112 silly packumentCache full:https://registry.npmjs.org/@esbuild%2flinux-s390x cache-miss
113 http cache https://registry.npmjs.org/@esbuild%2flinux-s390x 21ms (cache hit)
114 silly packumentCache full:https://registry.npmjs.org/@esbuild%2flinux-s390x set size:200463 disposed:false
115 silly fetch manifest @esbuild/linux-x64@0.21.5
116 silly packumentCache full:https://registry.npmjs.org/@esbuild%2flinux-x64 cache-miss
117 http cache https://registry.npmjs.org/@esbuild%2flinux-x64 22ms (cache hit)
118 silly packumentCache full:https://registry.npmjs.org/@esbuild%2flinux-x64 set size:197126 disposed:false
119 silly fetch manifest @esbuild/netbsd-x64@0.21.5
120 silly packumentCache full:https://registry.npmjs.org/@esbuild%2fnetbsd-x64 cache-miss
121 http cache https://registry.npmjs.org/@esbuild%2fnetbsd-x64 20ms (cache hit)
122 silly packumentCache full:https://registry.npmjs.org/@esbuild%2fnetbsd-x64 set size:195514 disposed:false
123 silly fetch manifest @esbuild/openbsd-x64@0.21.5
124 silly packumentCache full:https://registry.npmjs.org/@esbuild%2fopenbsd-x64 cache-miss
125 http cache https://registry.npmjs.org/@esbuild%2fopenbsd-x64 21ms (cache hit)
126 silly packumentCache full:https://registry.npmjs.org/@esbuild%2fopenbsd-x64 set size:198745 disposed:false
127 silly fetch manifest @esbuild/sunos-x64@0.21.5
128 silly packumentCache full:https://registry.npmjs.org/@esbuild%2fsunos-x64 cache-miss
129 http cache https://registry.npmjs.org/@esbuild%2fsunos-x64 21ms (cache hit)
130 silly packumentCache full:https://registry.npmjs.org/@esbuild%2fsunos-x64 set size:197370 disposed:false
131 silly fetch manifest @esbuild/win32-arm64@0.21.5
132 silly packumentCache full:https://registry.npmjs.org/@esbuild%2fwin32-arm64 cache-miss
133 http cache https://registry.npmjs.org/@esbuild%2fwin32-arm64 21ms (cache hit)
134 silly packumentCache full:https://registry.npmjs.org/@esbuild%2fwin32-arm64 set size:199171 disposed:false
135 silly fetch manifest @esbuild/win32-ia32@0.21.5
136 silly packumentCache full:https://registry.npmjs.org/@esbuild%2fwin32-ia32 cache-miss
137 http cache https://registry.npmjs.org/@esbuild%2fwin32-ia32 19ms (cache hit)
138 silly packumentCache full:https://registry.npmjs.org/@esbuild%2fwin32-ia32 set size:198030 disposed:false
139 silly placeDep ROOT @esbuild/aix-ppc64@0.21.5 OK for: esbuild@0.21.5 want: 0.21.5
140 silly placeDep ROOT @esbuild/android-arm@0.21.5 OK for: esbuild@0.21.5 want: 0.21.5
141 silly placeDep ROOT @esbuild/android-arm64@0.21.5 OK for: esbuild@0.21.5 want: 0.21.5
142 silly placeDep ROOT @esbuild/android-x64@0.21.5 OK for: esbuild@0.21.5 want: 0.21.5
143 silly placeDep ROOT @esbuild/darwin-arm64@0.21.5 OK for: esbuild@0.21.5 want: 0.21.5
144 silly placeDep ROOT @esbuild/darwin-x64@0.21.5 OK for: esbuild@0.21.5 want: 0.21.5
145 silly placeDep ROOT @esbuild/freebsd-arm64@0.21.5 OK for: esbuild@0.21.5 want: 0.21.5
146 silly placeDep ROOT @esbuild/freebsd-x64@0.21.5 OK for: esbuild@0.21.5 want: 0.21.5
147 silly placeDep ROOT @esbuild/linux-arm@0.21.5 OK for: esbuild@0.21.5 want: 0.21.5
148 silly placeDep ROOT @esbuild/linux-arm64@0.21.5 OK for: esbuild@0.21.5 want: 0.21.5
149 silly placeDep ROOT @esbuild/linux-ia32@0.21.5 OK for: esbuild@0.21.5 want: 0.21.5
150 silly placeDep ROOT @esbuild/linux-loong64@0.21.5 OK for: esbuild@0.21.5 want: 0.21.5
151 silly placeDep ROOT @esbuild/linux-mips64el@0.21.5 OK for: esbuild@0.21.5 want: 0.21.5
152 silly placeDep ROOT @esbuild/linux-ppc64@0.21.5 OK for: esbuild@0.21.5 want: 0.21.5
153 silly placeDep ROOT @esbuild/linux-riscv64@0.21.5 OK for: esbuild@0.21.5 want: 0.21.5
154 silly placeDep ROOT @esbuild/linux-s390x@0.21.5 OK for: esbuild@0.21.5 want: 0.21.5
155 silly placeDep ROOT @esbuild/linux-x64@0.21.5 OK for: esbuild@0.21.5 want: 0.21.5
156 silly placeDep ROOT @esbuild/netbsd-x64@0.21.5 OK for: esbuild@0.21.5 want: 0.21.5
157 silly placeDep ROOT @esbuild/openbsd-x64@0.21.5 OK for: esbuild@0.21.5 want: 0.21.5
158 silly placeDep ROOT @esbuild/sunos-x64@0.21.5 OK for: esbuild@0.21.5 want: 0.21.5
159 silly placeDep ROOT @esbuild/win32-arm64@0.21.5 OK for: esbuild@0.21.5 want: 0.21.5
160 silly placeDep ROOT @esbuild/win32-ia32@0.21.5 OK for: esbuild@0.21.5 want: 0.21.5
161 silly fetch manifest fsevents@~2.3.2
162 silly packumentCache full:https://registry.npmjs.org/fsevents cache-miss
163 http cache https://registry.npmjs.org/fsevents 19ms (cache hit)
164 silly packumentCache full:https://registry.npmjs.org/fsevents set size:182472 disposed:false
165 silly fetch manifest @rollup/rollup-darwin-arm64@4.62.2
166 silly packumentCache full:https://registry.npmjs.org/@rollup%2frollup-darwin-arm64 cache-miss
167 http cache https://registry.npmjs.org/@rollup%2frollup-darwin-arm64 20ms (cache hit)
168 silly packumentCache full:https://registry.npmjs.org/@rollup%2frollup-darwin-arm64 set size:347013 disposed:false
169 silly fetch manifest @rollup/rollup-android-arm64@4.62.2
170 silly packumentCache full:https://registry.npmjs.org/@rollup%2frollup-android-arm64 cache-miss
171 http cache https://registry.npmjs.org/@rollup%2frollup-android-arm64 18ms (cache hit)
172 silly packumentCache full:https://registry.npmjs.org/@rollup%2frollup-android-arm64 set size:348555 disposed:false
173 silly fetch manifest @rollup/rollup-win32-arm64-msvc@4.62.2
174 silly packumentCache full:https://registry.npmjs.org/@rollup%2frollup-win32-arm64-msvc cache-miss
175 http cache https://registry.npmjs.org/@rollup%2frollup-win32-arm64-msvc 22ms (cache hit)
176 silly packumentCache full:https://registry.npmjs.org/@rollup%2frollup-win32-arm64-msvc set size:352045 disposed:false
177 silly fetch manifest @rollup/rollup-freebsd-arm64@4.62.2
178 silly packumentCache full:https://registry.npmjs.org/@rollup%2frollup-freebsd-arm64 cache-miss
179 http cache https://registry.npmjs.org/@rollup%2frollup-freebsd-arm64 21ms (cache hit)
180 silly packumentCache full:https://registry.npmjs.org/@rollup%2frollup-freebsd-arm64 set size:196758 disposed:false
181 silly fetch manifest @rollup/rollup-linux-arm64-gnu@4.62.2
182 silly packumentCache full:https://registry.npmjs.org/@rollup%2frollup-linux-arm64-gnu cache-miss
183 http cache https://registry.npmjs.org/@rollup%2frollup-linux-arm64-gnu 18ms (cache hit)
184 silly packumentCache full:https://registry.npmjs.org/@rollup%2frollup-linux-arm64-gnu set size:354340 disposed:false
185 silly fetch manifest @rollup/rollup-linux-arm64-musl@4.62.2
186 silly packumentCache full:https://registry.npmjs.org/@rollup%2frollup-linux-arm64-musl cache-miss
187 http cache https://registry.npmjs.org/@rollup%2frollup-linux-arm64-musl 21ms (cache hit)
188 silly packumentCache full:https://registry.npmjs.org/@rollup%2frollup-linux-arm64-musl set size:309760 disposed:false
189 silly fetch manifest @rollup/rollup-android-arm-eabi@4.62.2
190 silly packumentCache full:https://registry.npmjs.org/@rollup%2frollup-android-arm-eabi cache-miss
191 http cache https://registry.npmjs.org/@rollup%2frollup-android-arm-eabi 22ms (cache hit)
192 silly packumentCache full:https://registry.npmjs.org/@rollup%2frollup-android-arm-eabi set size:352055 disposed:false
193 silly fetch manifest @rollup/rollup-linux-arm-gnueabihf@4.62.2
194 silly packumentCache full:https://registry.npmjs.org/@rollup%2frollup-linux-arm-gnueabihf cache-miss
195 http cache https://registry.npmjs.org/@rollup%2frollup-linux-arm-gnueabihf 22ms (cache hit)
196 silly packumentCache full:https://registry.npmjs.org/@rollup%2frollup-linux-arm-gnueabihf set size:357969 disposed:false
197 silly fetch manifest @rollup/rollup-linux-arm-musleabihf@4.62.2
198 silly packumentCache full:https://registry.npmjs.org/@rollup%2frollup-linux-arm-musleabihf cache-miss
199 http cache https://registry.npmjs.org/@rollup%2frollup-linux-arm-musleabihf 17ms (cache hit)
200 silly packumentCache full:https://registry.npmjs.org/@rollup%2frollup-linux-arm-musleabihf set size:252175 disposed:false
201 silly fetch manifest @rollup/rollup-win32-ia32-msvc@4.62.2
202 silly packumentCache full:https://registry.npmjs.org/@rollup%2frollup-win32-ia32-msvc cache-miss
203 http cache https://registry.npmjs.org/@rollup%2frollup-win32-ia32-msvc 24ms (cache hit)
204 silly packumentCache full:https://registry.npmjs.org/@rollup%2frollup-win32-ia32-msvc set size:350519 disposed:false
205 silly fetch manifest @rollup/rollup-linux-loong64-gnu@4.62.2
206 silly packumentCache full:https://registry.npmjs.org/@rollup%2frollup-linux-loong64-gnu cache-miss
207 http cache https://registry.npmjs.org/@rollup%2frollup-linux-loong64-gnu 19ms (cache hit)
208 silly packumentCache full:https://registry.npmjs.org/@rollup%2frollup-linux-loong64-gnu set size:78884 disposed:false
209 silly fetch manifest @rollup/rollup-linux-loong64-musl@4.62.2
210 silly packumentCache full:https://registry.npmjs.org/@rollup%2frollup-linux-loong64-musl cache-miss
211 http cache https://registry.npmjs.org/@rollup%2frollup-linux-loong64-musl 21ms (cache hit)
212 silly packumentCache full:https://registry.npmjs.org/@rollup%2frollup-linux-loong64-musl set size:40918 disposed:false
213 silly fetch manifest @rollup/rollup-linux-riscv64-gnu@4.62.2
214 silly packumentCache full:https://registry.npmjs.org/@rollup%2frollup-linux-riscv64-gnu cache-miss
215 http cache https://registry.npmjs.org/@rollup%2frollup-linux-riscv64-gnu 22ms (cache hit)
216 silly packumentCache full:https://registry.npmjs.org/@rollup%2frollup-linux-riscv64-gnu set size:280570 disposed:false
217 silly fetch manifest @rollup/rollup-linux-riscv64-musl@4.62.2
218 silly packumentCache full:https://registry.npmjs.org/@rollup%2frollup-linux-riscv64-musl cache-miss
219 http cache https://registry.npmjs.org/@rollup%2frollup-linux-riscv64-musl 23ms (cache hit)
220 silly packumentCache full:https://registry.npmjs.org/@rollup%2frollup-linux-riscv64-musl set size:126584 disposed:false
221 silly fetch manifest @rollup/rollup-linux-ppc64-gnu@4.62.2
222 silly packumentCache full:https://registry.npmjs.org/@rollup%2frollup-linux-ppc64-gnu cache-miss
223 http cache https://registry.npmjs.org/@rollup%2frollup-linux-ppc64-gnu 21ms (cache hit)
224 silly packumentCache full:https://registry.npmjs.org/@rollup%2frollup-linux-ppc64-gnu set size:99023 disposed:false
225 silly fetch manifest @rollup/rollup-linux-ppc64-musl@4.62.2
226 silly packumentCache full:https://registry.npmjs.org/@rollup%2frollup-linux-ppc64-musl cache-miss
227 http cache https://registry.npmjs.org/@rollup%2frollup-linux-ppc64-musl 21ms (cache hit)
228 silly packumentCache full:https://registry.npmjs.org/@rollup%2frollup-linux-ppc64-musl set size:40580 disposed:false
229 silly fetch manifest @rollup/rollup-linux-s390x-gnu@4.62.2
230 silly packumentCache full:https://registry.npmjs.org/@rollup%2frollup-linux-s390x-gnu cache-miss
231 http cache https://registry.npmjs.org/@rollup%2frollup-linux-s390x-gnu 24ms (cache hit)
232 silly packumentCache full:https://registry.npmjs.org/@rollup%2frollup-linux-s390x-gnu set size:254191 disposed:false
233 silly fetch manifest @rollup/rollup-darwin-x64@4.62.2
234 silly packumentCache full:https://registry.npmjs.org/@rollup%2frollup-darwin-x64 cache-miss
235 http cache https://registry.npmjs.org/@rollup%2frollup-darwin-x64 20ms (cache hit)
236 silly packumentCache full:https://registry.npmjs.org/@rollup%2frollup-darwin-x64 set size:342135 disposed:false
237 silly fetch manifest @rollup/rollup-freebsd-x64@4.62.2
238 silly packumentCache full:https://registry.npmjs.org/@rollup%2frollup-freebsd-x64 cache-miss
239 http cache https://registry.npmjs.org/@rollup%2frollup-freebsd-x64 18ms (cache hit)
240 silly packumentCache full:https://registry.npmjs.org/@rollup%2frollup-freebsd-x64 set size:194771 disposed:false
241 silly fetch manifest @rollup/rollup-linux-x64-gnu@4.62.2
242 silly packumentCache full:https://registry.npmjs.org/@rollup%2frollup-linux-x64-gnu cache-miss
243 http cache https://registry.npmjs.org/@rollup%2frollup-linux-x64-gnu 23ms (cache hit)
244 silly packumentCache full:https://registry.npmjs.org/@rollup%2frollup-linux-x64-gnu set size:349401 disposed:false
245 silly fetch manifest @rollup/rollup-linux-x64-musl@4.62.2
246 silly packumentCache full:https://registry.npmjs.org/@rollup%2frollup-linux-x64-musl cache-miss
247 http cache https://registry.npmjs.org/@rollup%2frollup-linux-x64-musl 23ms (cache hit)
248 silly packumentCache full:https://registry.npmjs.org/@rollup%2frollup-linux-x64-musl set size:348779 disposed:false
249 silly fetch manifest @rollup/rollup-openbsd-x64@4.62.2
250 silly packumentCache full:https://registry.npmjs.org/@rollup%2frollup-openbsd-x64 cache-miss
251 http cache https://registry.npmjs.org/@rollup%2frollup-openbsd-x64 18ms (cache hit)
252 silly packumentCache full:https://registry.npmjs.org/@rollup%2frollup-openbsd-x64 set size:39516 disposed:false
253 silly fetch manifest @rollup/rollup-openharmony-arm64@4.62.2
254 silly packumentCache full:https://registry.npmjs.org/@rollup%2frollup-openharmony-arm64 cache-miss
255 http cache https://registry.npmjs.org/@rollup%2frollup-openharmony-arm64 17ms (cache hit)
256 silly packumentCache full:https://registry.npmjs.org/@rollup%2frollup-openharmony-arm64 set size:79697 disposed:false
257 silly placeDep ROOT @rollup/rollup-android-arm-eabi@4.62.2 OK for: rollup@4.62.2 want: 4.62.2
258 silly placeDep ROOT @rollup/rollup-android-arm64@4.62.2 OK for: rollup@4.62.2 want: 4.62.2
259 silly placeDep ROOT @rollup/rollup-darwin-arm64@4.62.2 OK for: rollup@4.62.2 want: 4.62.2
260 silly placeDep ROOT @rollup/rollup-darwin-x64@4.62.2 OK for: rollup@4.62.2 want: 4.62.2
261 silly placeDep ROOT @rollup/rollup-freebsd-arm64@4.62.2 OK for: rollup@4.62.2 want: 4.62.2
262 silly placeDep ROOT @rollup/rollup-freebsd-x64@4.62.2 OK for: rollup@4.62.2 want: 4.62.2
263 silly placeDep ROOT @rollup/rollup-linux-arm-gnueabihf@4.62.2 OK for: rollup@4.62.2 want: 4.62.2
264 silly placeDep ROOT @rollup/rollup-linux-arm-musleabihf@4.62.2 OK for: rollup@4.62.2 want: 4.62.2
265 silly placeDep ROOT @rollup/rollup-linux-arm64-gnu@4.62.2 OK for: rollup@4.62.2 want: 4.62.2
266 silly placeDep ROOT @rollup/rollup-linux-arm64-musl@4.62.2 OK for: rollup@4.62.2 want: 4.62.2
267 silly placeDep ROOT @rollup/rollup-linux-loong64-gnu@4.62.2 OK for: rollup@4.62.2 want: 4.62.2
268 silly placeDep ROOT @rollup/rollup-linux-loong64-musl@4.62.2 OK for: rollup@4.62.2 want: 4.62.2
269 silly placeDep ROOT @rollup/rollup-linux-ppc64-gnu@4.62.2 OK for: rollup@4.62.2 want: 4.62.2
270 silly placeDep ROOT @rollup/rollup-linux-ppc64-musl@4.62.2 OK for: rollup@4.62.2 want: 4.62.2
271 silly placeDep ROOT @rollup/rollup-linux-riscv64-gnu@4.62.2 OK for: rollup@4.62.2 want: 4.62.2
272 silly placeDep ROOT @rollup/rollup-linux-riscv64-musl@4.62.2 OK for: rollup@4.62.2 want: 4.62.2
273 silly placeDep ROOT @rollup/rollup-linux-s390x-gnu@4.62.2 OK for: rollup@4.62.2 want: 4.62.2
274 silly placeDep ROOT @rollup/rollup-linux-x64-gnu@4.62.2 OK for: rollup@4.62.2 want: 4.62.2
275 silly placeDep ROOT @rollup/rollup-linux-x64-musl@4.62.2 OK for: rollup@4.62.2 want: 4.62.2
276 silly placeDep ROOT @rollup/rollup-openbsd-x64@4.62.2 OK for: rollup@4.62.2 want: 4.62.2
277 silly placeDep ROOT @rollup/rollup-openharmony-arm64@4.62.2 OK for: rollup@4.62.2 want: 4.62.2
278 silly placeDep ROOT @rollup/rollup-win32-arm64-msvc@4.62.2 OK for: rollup@4.62.2 want: 4.62.2
279 silly placeDep ROOT @rollup/rollup-win32-ia32-msvc@4.62.2 OK for: rollup@4.62.2 want: 4.62.2
280 silly placeDep ROOT fsevents@2.3.3 OK for: rollup@4.62.2 want: ~2.3.2
281 silly reify mark retired [
281 silly reify   'C:\\Users\\leand\\OneDrive\\Documents\\Backoffice Vendedores\\node_modules\\@mui\\icons-material'
281 silly reify ]
282 silly reify mark retired [
282 silly reify   'C:\\Users\\leand\\OneDrive\\Documents\\Backoffice Vendedores\\node_modules\\acorn',
282 silly reify   'C:\\Users\\leand\\OneDrive\\Documents\\Backoffice Vendedores\\node_modules\\.bin\\acorn',
282 silly reify   'C:\\Users\\leand\\OneDrive\\Documents\\Backoffice Vendedores\\node_modules\\.bin\\acorn.cmd',
282 silly reify   'C:\\Users\\leand\\OneDrive\\Documents\\Backoffice Vendedores\\node_modules\\.bin\\acorn.ps1'
282 silly reify ]
283 silly reify mark retired [
283 silly reify   'C:\\Users\\leand\\OneDrive\\Documents\\Backoffice Vendedores\\node_modules\\baseline-browser-mapping',
283 silly reify   'C:\\Users\\leand\\OneDrive\\Documents\\Backoffice Vendedores\\node_modules\\.bin\\baseline-browser-mapping',
283 silly reify   'C:\\Users\\leand\\OneDrive\\Documents\\Backoffice Vendedores\\node_modules\\.bin\\baseline-browser-mapping.cmd',
283 silly reify   'C:\\Users\\leand\\OneDrive\\Documents\\Backoffice Vendedores\\node_modules\\.bin\\baseline-browser-mapping.ps1'
283 silly reify ]
284 silly reify mark retired [
284 silly reify   'C:\\Users\\leand\\OneDrive\\Documents\\Backoffice Vendedores\\node_modules\\browserslist',
284 silly reify   'C:\\Users\\leand\\OneDrive\\Documents\\Backoffice Vendedores\\node_modules\\.bin\\browserslist',
284 silly reify   'C:\\Users\\leand\\OneDrive\\Documents\\Backoffice Vendedores\\node_modules\\.bin\\browserslist.cmd',
284 silly reify   'C:\\Users\\leand\\OneDrive\\Documents\\Backoffice Vendedores\\node_modules\\.bin\\browserslist.ps1'
284 silly reify ]
285 silly reify mark retired [
285 silly reify   'C:\\Users\\leand\\OneDrive\\Documents\\Backoffice Vendedores\\node_modules\\crc-32',
285 silly reify   'C:\\Users\\leand\\OneDrive\\Documents\\Backoffice Vendedores\\node_modules\\.bin\\crc32',
285 silly reify   'C:\\Users\\leand\\OneDrive\\Documents\\Backoffice Vendedores\\node_modules\\.bin\\crc32.cmd',
285 silly reify   'C:\\Users\\leand\\OneDrive\\Documents\\Backoffice Vendedores\\node_modules\\.bin\\crc32.ps1'
285 silly reify ]
286 silly reify mark retired [
286 silly reify   'C:\\Users\\leand\\OneDrive\\Documents\\Backoffice Vendedores\\node_modules\\eslint',
286 silly reify   'C:\\Users\\leand\\OneDrive\\Documents\\Backoffice Vendedores\\node_modules\\.bin\\eslint',
286 silly reify   'C:\\Users\\leand\\OneDrive\\Documents\\Backoffice Vendedores\\node_modules\\.bin\\eslint.cmd',
286 silly reify   'C:\\Users\\leand\\OneDrive\\Documents\\Backoffice Vendedores\\node_modules\\.bin\\eslint.ps1'
286 silly reify ]
287 silly reify mark retired [
287 silly reify   'C:\\Users\\leand\\OneDrive\\Documents\\Backoffice Vendedores\\node_modules\\esbuild',
287 silly reify   'C:\\Users\\leand\\OneDrive\\Documents\\Backoffice Vendedores\\node_modules\\.bin\\esbuild',
287 silly reify   'C:\\Users\\leand\\OneDrive\\Documents\\Backoffice Vendedores\\node_modules\\.bin\\esbuild.cmd',
287 silly reify   'C:\\Users\\leand\\OneDrive\\Documents\\Backoffice Vendedores\\node_modules\\.bin\\esbuild.ps1'
287 silly reify ]
288 silly reify mark retired [
288 silly reify   'C:\\Users\\leand\\OneDrive\\Documents\\Backoffice Vendedores\\node_modules\\eslint-plugin-react\\node_modules\\resolve',
288 silly reify   'C:\\Users\\leand\\OneDrive\\Documents\\Backoffice Vendedores\\node_modules\\eslint-plugin-react\\node_modules\\.bin\\resolve',
288 silly reify   'C:\\Users\\leand\\OneDrive\\Documents\\Backoffice Vendedores\\node_modules\\eslint-plugin-react\\node_modules\\.bin\\resolve.cmd',
288 silly reify   'C:\\Users\\leand\\OneDrive\\Documents\\Backoffice Vendedores\\node_modules\\eslint-plugin-react\\node_modules\\.bin\\resolve.ps1'
288 silly reify ]
289 silly reify mark retired [
289 silly reify   'C:\\Users\\leand\\OneDrive\\Documents\\Backoffice Vendedores\\node_modules\\js-yaml',
289 silly reify   'C:\\Users\\leand\\OneDrive\\Documents\\Backoffice Vendedores\\node_modules\\.bin\\js-yaml',
289 silly reify   'C:\\Users\\leand\\OneDrive\\Documents\\Backoffice Vendedores\\node_modules\\.bin\\js-yaml.cmd',
289 silly reify   'C:\\Users\\leand\\OneDrive\\Documents\\Backoffice Vendedores\\node_modules\\.bin\\js-yaml.ps1'
289 silly reify ]
290 silly reify mark retired [
290 silly reify   'C:\\Users\\leand\\OneDrive\\Documents\\Backoffice Vendedores\\node_modules\\jsesc',
290 silly reify   'C:\\Users\\leand\\OneDrive\\Documents\\Backoffice Vendedores\\node_modules\\.bin\\jsesc',
290 silly reify   'C:\\Users\\leand\\OneDrive\\Documents\\Backoffice Vendedores\\node_modules\\.bin\\jsesc.cmd',
290 silly reify   'C:\\Users\\leand\\OneDrive\\Documents\\Backoffice Vendedores\\node_modules\\.bin\\jsesc.ps1'
290 silly reify ]
291 silly reify mark retired [
291 silly reify   'C:\\Users\\leand\\OneDrive\\Documents\\Backoffice Vendedores\\node_modules\\json5',
291 silly reify   'C:\\Users\\leand\\OneDrive\\Documents\\Backoffice Vendedores\\node_modules\\.bin\\json5',
291 silly reify   'C:\\Users\\leand\\OneDrive\\Documents\\Backoffice Vendedores\\node_modules\\.bin\\json5.cmd',
291 silly reify   'C:\\Users\\leand\\OneDrive\\Documents\\Backoffice Vendedores\\node_modules\\.bin\\json5.ps1'
291 silly reify ]
292 silly reify mark retired [
292 silly reify   'C:\\Users\\leand\\OneDrive\\Documents\\Backoffice Vendedores\\node_modules\\loose-envify',
292 silly reify   'C:\\Users\\leand\\OneDrive\\Documents\\Backoffice Vendedores\\node_modules\\.bin\\loose-envify',
292 silly reify   'C:\\Users\\leand\\OneDrive\\Documents\\Backoffice Vendedores\\node_modules\\.bin\\loose-envify.cmd',
292 silly reify   'C:\\Users\\leand\\OneDrive\\Documents\\Backoffice Vendedores\\node_modules\\.bin\\loose-envify.ps1'
292 silly reify ]
293 silly reify mark retired [
293 silly reify   'C:\\Users\\leand\\OneDrive\\Documents\\Backoffice Vendedores\\node_modules\\nanoid',
293 silly reify   'C:\\Users\\leand\\OneDrive\\Documents\\Backoffice Vendedores\\node_modules\\.bin\\nanoid',
293 silly reify   'C:\\Users\\leand\\OneDrive\\Documents\\Backoffice Vendedores\\node_modules\\.bin\\nanoid.cmd',
293 silly reify   'C:\\Users\\leand\\OneDrive\\Documents\\Backoffice Vendedores\\node_modules\\.bin\\nanoid.ps1'
293 silly reify ]
294 silly reify mark retired [
294 silly reify   'C:\\Users\\leand\\OneDrive\\Documents\\Backoffice Vendedores\\node_modules\\resolve',
294 silly reify   'C:\\Users\\leand\\OneDrive\\Documents\\Backoffice Vendedores\\node_modules\\.bin\\resolve',
294 silly reify   'C:\\Users\\leand\\OneDrive\\Documents\\Backoffice Vendedores\\node_modules\\.bin\\resolve.cmd',
294 silly reify   'C:\\Users\\leand\\OneDrive\\Documents\\Backoffice Vendedores\\node_modules\\.bin\\resolve.ps1'
294 silly reify ]
295 silly reify mark retired [
295 silly reify   'C:\\Users\\leand\\OneDrive\\Documents\\Backoffice Vendedores\\node_modules\\semver',
295 silly reify   'C:\\Users\\leand\\OneDrive\\Documents\\Backoffice Vendedores\\node_modules\\.bin\\semver',
295 silly reify   'C:\\Users\\leand\\OneDrive\\Documents\\Backoffice Vendedores\\node_modules\\.bin\\semver.cmd',
295 silly reify   'C:\\Users\\leand\\OneDrive\\Documents\\Backoffice Vendedores\\node_modules\\.bin\\semver.ps1'
295 silly reify ]
296 silly reify mark retired [
296 silly reify   'C:\\Users\\leand\\OneDrive\\Documents\\Backoffice Vendedores\\node_modules\\rollup',
296 silly reify   'C:\\Users\\leand\\OneDrive\\Documents\\Backoffice Vendedores\\node_modules\\.bin\\rollup',
296 silly reify   'C:\\Users\\leand\\OneDrive\\Documents\\Backoffice Vendedores\\node_modules\\.bin\\rollup.cmd',
296 silly reify   'C:\\Users\\leand\\OneDrive\\Documents\\Backoffice Vendedores\\node_modules\\.bin\\rollup.ps1'
296 silly reify ]
297 silly reify mark retired [
297 silly reify   'C:\\Users\\leand\\OneDrive\\Documents\\Backoffice Vendedores\\node_modules\\vite',
297 silly reify   'C:\\Users\\leand\\OneDrive\\Documents\\Backoffice Vendedores\\node_modules\\.bin\\vite',
297 silly reify   'C:\\Users\\leand\\OneDrive\\Documents\\Backoffice Vendedores\\node_modules\\.bin\\vite.cmd',
297 silly reify   'C:\\Users\\leand\\OneDrive\\Documents\\Backoffice Vendedores\\node_modules\\.bin\\vite.ps1'
297 silly reify ]
298 silly reify mark retired [
298 silly reify   'C:\\Users\\leand\\OneDrive\\Documents\\Backoffice Vendedores\\node_modules\\update-browserslist-db',
298 silly reify   'C:\\Users\\leand\\OneDrive\\Documents\\Backoffice Vendedores\\node_modules\\.bin\\update-browserslist-db',
298 silly reify   'C:\\Users\\leand\\OneDrive\\Documents\\Backoffice Vendedores\\node_modules\\.bin\\update-browserslist-db.cmd',
298 silly reify   'C:\\Users\\leand\\OneDrive\\Documents\\Backoffice Vendedores\\node_modules\\.bin\\update-browserslist-db.ps1'
298 silly reify ]
299 silly reify mark retired [
299 silly reify   'C:\\Users\\leand\\OneDrive\\Documents\\Backoffice Vendedores\\node_modules\\which',
299 silly reify   'C:\\Users\\leand\\OneDrive\\Documents\\Backoffice Vendedores\\node_modules\\.bin\\node-which',
299 silly reify   'C:\\Users\\leand\\OneDrive\\Documents\\Backoffice Vendedores\\node_modules\\.bin\\node-which.cmd',
299 silly reify   'C:\\Users\\leand\\OneDrive\\Documents\\Backoffice Vendedores\\node_modules\\.bin\\node-which.ps1'
299 silly reify ]
300 silly reify mark retired [
300 silly reify   'C:\\Users\\leand\\OneDrive\\Documents\\Backoffice Vendedores\\node_modules\\xlsx',
300 silly reify   'C:\\Users\\leand\\OneDrive\\Documents\\Backoffice Vendedores\\node_modules\\.bin\\xlsx',
300 silly reify   'C:\\Users\\leand\\OneDrive\\Documents\\Backoffice Vendedores\\node_modules\\.bin\\xlsx.cmd',
300 silly reify   'C:\\Users\\leand\\OneDrive\\Documents\\Backoffice Vendedores\\node_modules\\.bin\\xlsx.ps1'
300 silly reify ]
301 silly reify mark retired [
301 silly reify   'C:\\Users\\leand\\OneDrive\\Documents\\Backoffice Vendedores\\node_modules\\@babel\\parser',
301 silly reify   'C:\\Users\\leand\\OneDrive\\Documents\\Backoffice Vendedores\\node_modules\\.bin\\parser',
301 silly reify   'C:\\Users\\leand\\OneDrive\\Documents\\Backoffice Vendedores\\node_modules\\.bin\\parser.cmd',
301 silly reify   'C:\\Users\\leand\\OneDrive\\Documents\\Backoffice Vendedores\\node_modules\\.bin\\parser.ps1'
301 silly reify ]
302 silly reify mark retired [
302 silly reify   'C:\\Users\\leand\\OneDrive\\Documents\\Backoffice Vendedores\\node_modules\\@grpc\\proto-loader',
302 silly reify   'C:\\Users\\leand\\OneDrive\\Documents\\Backoffice Vendedores\\node_modules\\.bin\\proto-loader-gen-types',
302 silly reify   'C:\\Users\\leand\\OneDrive\\Documents\\Backoffice Vendedores\\node_modules\\.bin\\proto-loader-gen-types.cmd',
302 silly reify   'C:\\Users\\leand\\OneDrive\\Documents\\Backoffice Vendedores\\node_modules\\.bin\\proto-loader-gen-types.ps1'
302 silly reify ]
303 silly reify moves {
303 silly reify   'C:\\Users\\leand\\OneDrive\\Documents\\Backoffice Vendedores\\node_modules\\@mui\\icons-material': 'C:\\Users\\leand\\OneDrive\\Documents\\Backoffice Vendedores\\node_modules\\@mui\\.icons-material-PmsdYm89',
303 silly reify   'C:\\Users\\leand\\OneDrive\\Documents\\Backoffice Vendedores\\node_modules\\acorn': 'C:\\Users\\leand\\OneDrive\\Documents\\Backoffice Vendedores\\node_modules\\.acorn-OwG4quFp',
303 silly reify   'C:\\Users\\leand\\OneDrive\\Documents\\Backoffice Vendedores\\node_modules\\.bin\\acorn': 'C:\\Users\\leand\\OneDrive\\Documents\\Backoffice Vendedores\\node_modules\\.bin\\.acorn-HocwGF8T',
303 silly reify   'C:\\Users\\leand\\OneDrive\\Documents\\Backoffice Vendedores\\node_modules\\.bin\\acorn.cmd': 'C:\\Users\\leand\\OneDrive\\Documents\\Backoffice Vendedores\\node_modules\\.bin\\.acorn.cmd-b9DVBnnv',
303 silly reify   'C:\\Users\\leand\\OneDrive\\Documents\\Backoffice Vendedores\\node_modules\\.bin\\acorn.ps1': 'C:\\Users\\leand\\OneDrive\\Documents\\Backoffice Vendedores\\node_modules\\.bin\\.acorn.ps1-kgdlUAk5',
303 silly reify   'C:\\Users\\leand\\OneDrive\\Documents\\Backoffice Vendedores\\node_modules\\baseline-browser-mapping': 'C:\\Users\\leand\\OneDrive\\Documents\\Backoffice Vendedores\\node_modules\\.baseline-browser-mapping-NWsUDVnx',
303 silly reify   'C:\\Users\\leand\\OneDrive\\Documents\\Backoffice Vendedores\\node_modules\\.bin\\baseline-browser-mapping': 'C:\\Users\\leand\\OneDrive\\Documents\\Backoffice Vendedores\\node_modules\\.bin\\.baseline-browser-mapping-gtyqWcwy',
303 silly reify   'C:\\Users\\leand\\OneDrive\\Documents\\Backoffice Vendedores\\node_modules\\.bin\\baseline-browser-mapping.cmd': 'C:\\Users\\leand\\OneDrive\\Documents\\Backoffice Vendedores\\node_modules\\.bin\\.baseline-browser-mapping.cmd-GmcDO5fg',
303 silly reify   'C:\\Users\\leand\\OneDrive\\Documents\\Backoffice Vendedores\\node_modules\\.bin\\baseline-browser-mapping.ps1': 'C:\\Users\\leand\\OneDrive\\Documents\\Backoffice Vendedores\\node_modules\\.bin\\.baseline-browser-mapping.ps1-Tu8BxQ2V',
303 silly reify   'C:\\Users\\leand\\OneDrive\\Documents\\Backoffice Vendedores\\node_modules\\browserslist': 'C:\\Users\\leand\\OneDrive\\Documents\\Backoffice Vendedores\\node_modules\\.browserslist-DWVElA1V',
303 silly reify   'C:\\Users\\leand\\OneDrive\\Documents\\Backoffice Vendedores\\node_modules\\.bin\\browserslist': 'C:\\Users\\leand\\OneDrive\\Documents\\Backoffice Vendedores\\node_modules\\.bin\\.browserslist-56qQW9Ru',
303 silly reify   'C:\\Users\\leand\\OneDrive\\Documents\\Backoffice Vendedores\\node_modules\\.bin\\browserslist.cmd': 'C:\\Users\\leand\\OneDrive\\Documents\\Backoffice Vendedores\\node_modules\\.bin\\.browserslist.cmd-WEtujS3S',
303 silly reify   'C:\\Users\\leand\\OneDrive\\Documents\\Backoffice Vendedores\\node_modules\\.bin\\browserslist.ps1': 'C:\\Users\\leand\\OneDrive\\Documents\\Backoffice Vendedores\\node_modules\\.bin\\.browserslist.ps1-BtO5Ej8q',
303 silly reify   'C:\\Users\\leand\\OneDrive\\Documents\\Backoffice Vendedores\\node_modules\\crc-32': 'C:\\Users\\leand\\OneDrive\\Documents\\Backoffice Vendedores\\node_modules\\.crc-32-GowbQmR5',
303 silly reify   'C:\\Users\\leand\\OneDrive\\Documents\\Backoffice Vendedores\\node_modules\\.bin\\crc32': 'C:\\Users\\leand\\OneDrive\\Documents\\Backoffice Vendedores\\node_modules\\.bin\\.crc32-9IGVONLG',
303 silly reify   'C:\\Users\\leand\\OneDrive\\Documents\\Backoffice Vendedores\\node_modules\\.bin\\crc32.cmd': 'C:\\Users\\leand\\OneDrive\\Documents\\Backoffice Vendedores\\node_modules\\.bin\\.crc32.cmd-GP86vKqB',
303 silly reify   'C:\\Users\\leand\\OneDrive\\Documents\\Backoffice Vendedores\\node_modules\\.bin\\crc32.ps1': 'C:\\Users\\leand\\OneDrive\\Documents\\Backoffice Vendedores\\node_modules\\.bin\\.crc32.ps1-5Yefo5W3',
303 silly reify   'C:\\Users\\leand\\OneDrive\\Documents\\Backoffice Vendedores\\node_modules\\eslint': 'C:\\Users\\leand\\OneDrive\\Documents\\Backoffice Vendedores\\node_modules\\.eslint-nS5Cm8b8',
303 silly reify   'C:\\Users\\leand\\OneDrive\\Documents\\Backoffice Vendedores\\node_modules\\.bin\\eslint': 'C:\\Users\\leand\\OneDrive\\Documents\\Backoffice Vendedores\\node_modules\\.bin\\.eslint-UxBkJ7lk',
303 silly reify   'C:\\Users\\leand\\OneDrive\\Documents\\Backoffice Vendedores\\node_modules\\.bin\\eslint.cmd': 'C:\\Users\\leand\\OneDrive\\Documents\\Backoffice Vendedores\\node_modules\\.bin\\.eslint.cmd-zrprGdbr',
303 silly reify   'C:\\Users\\leand\\OneDrive\\Documents\\Backoffice Vendedores\\node_modules\\.bin\\eslint.ps1': 'C:\\Users\\leand\\OneDrive\\Documents\\Backoffice Vendedores\\node_modules\\.bin\\.eslint.ps1-5PBmdQAn',
303 silly reify   'C:\\Users\\leand\\OneDrive\\Documents\\Backoffice Vendedores\\node_modules\\esbuild': 'C:\\Users\\leand\\OneDrive\\Documents\\Backoffice Vendedores\\node_modules\\.esbuild-QCBgwgsx',
303 silly reify   'C:\\Users\\leand\\OneDrive\\Documents\\Backoffice Vendedores\\node_modules\\.bin\\esbuild': 'C:\\Users\\leand\\OneDrive\\Documents\\Backoffice Vendedores\\node_modules\\.bin\\.esbuild-XvBQRYU7',
303 silly reify   'C:\\Users\\leand\\OneDrive\\Documents\\Backoffice Vendedores\\node_modules\\.bin\\esbuild.cmd': 'C:\\Users\\leand\\OneDrive\\Documents\\Backoffice Vendedores\\node_modules\\.bin\\.esbuild.cmd-X8yYpPt6',
303 silly reify   'C:\\Users\\leand\\OneDrive\\Documents\\Backoffice Vendedores\\node_modules\\.bin\\esbuild.ps1': 'C:\\Users\\leand\\OneDrive\\Documents\\Backoffice Vendedores\\node_modules\\.bin\\.esbuild.ps1-75Bxf9Ke',
303 silly reify   'C:\\Users\\leand\\OneDrive\\Documents\\Backoffice Vendedores\\node_modules\\eslint-plugin-react\\node_modules\\resolve': 'C:\\Users\\leand\\OneDrive\\Documents\\Backoffice Vendedores\\node_modules\\eslint-plugin-react\\node_modules\\.resolve-eEoI97GR',
303 silly reify   'C:\\Users\\leand\\OneDrive\\Documents\\Backoffice Vendedores\\node_modules\\eslint-plugin-react\\node_modules\\.bin\\resolve': 'C:\\Users\\leand\\OneDrive\\Documents\\Backoffice Vendedores\\node_modules\\eslint-plugin-react\\node_modules\\.bin\\.resolve-IZZAbixa',
303 silly reify   'C:\\Users\\leand\\OneDrive\\Documents\\Backoffice Vendedores\\node_modules\\eslint-plugin-react\\node_modules\\.bin\\resolve.cmd': 'C:\\Users\\leand\\OneDrive\\Documents\\Backoffice Vendedores\\node_modules\\eslint-plugin-react\\node_modules\\.bin\\.resolve.cmd-1r8hGPOm',
303 silly reify   'C:\\Users\\leand\\OneDrive\\Documents\\Backoffice Vendedores\\node_modules\\eslint-plugin-react\\node_modules\\.bin\\resolve.ps1': 'C:\\Users\\leand\\OneDrive\\Documents\\Backoffice Vendedores\\node_modules\\eslint-plugin-react\\node_modules\\.bin\\.resolve.ps1-3MDq60lm',
303 silly reify   'C:\\Users\\leand\\OneDrive\\Documents\\Backoffice Vendedores\\node_modules\\js-yaml': 'C:\\Users\\leand\\OneDrive\\Documents\\Backoffice Vendedores\\node_modules\\.js-yaml-guRTU4qP',
303 silly reify   'C:\\Users\\leand\\OneDrive\\Documents\\Backoffice Vendedores\\node_modules\\.bin\\js-yaml': 'C:\\Users\\leand\\OneDrive\\Documents\\Backoffice Vendedores\\node_modules\\.bin\\.js-yaml-WGCJoMTh',
303 silly reify   'C:\\Users\\leand\\OneDrive\\Documents\\Backoffice Vendedores\\node_modules\\.bin\\js-yaml.cmd': 'C:\\Users\\leand\\OneDrive\\Documents\\Backoffice Vendedores\\node_modules\\.bin\\.js-yaml.cmd-ZFTnPMbd',
303 silly reify   'C:\\Users\\leand\\OneDrive\\Documents\\Backoffice Vendedores\\node_modules\\.bin\\js-yaml.ps1': 'C:\\Users\\leand\\OneDrive\\Documents\\Backoffice Vendedores\\node_modules\\.bin\\.js-yaml.ps1-V1pZGvEe',
303 silly reify   'C:\\Users\\leand\\OneDrive\\Documents\\Backoffice Vendedores\\node_modules\\jsesc': 'C:\\Users\\leand\\OneDrive\\Documents\\Backoffice Vendedores\\node_modules\\.jsesc-QqzypCz3',
303 silly reify   'C:\\Users\\leand\\OneDrive\\Documents\\Backoffice Vendedores\\node_modules\\.bin\\jsesc': 'C:\\Users\\leand\\OneDrive\\Documents\\Backoffice Vendedores\\node_modules\\.bin\\.jsesc-zOp6cYyF',
303 silly reify   'C:\\Users\\leand\\OneDrive\\Documents\\Backoffice Vendedores\\node_modules\\.bin\\jsesc.cmd': 'C:\\Users\\leand\\OneDrive\\Documents\\Backoffice Vendedores\\node_modules\\.bin\\.jsesc.cmd-EpSy62fR',
303 silly reify   'C:\\Users\\leand\\OneDrive\\Documents\\Backoffice Vendedores\\node_modules\\.bin\\jsesc.ps1': 'C:\\Users\\leand\\OneDrive\\Documents\\Backoffice Vendedores\\node_modules\\.bin\\.jsesc.ps1-TILToVH6',
303 silly reify   'C:\\Users\\leand\\OneDrive\\Documents\\Backoffice Vendedores\\node_modules\\json5': 'C:\\Users\\leand\\OneDrive\\Documents\\Backoffice Vendedores\\node_modules\\.json5-meZnfvoo',
303 silly reify   'C:\\Users\\leand\\OneDrive\\Documents\\Backoffice Vendedores\\node_modules\\.bin\\json5': 'C:\\Users\\leand\\OneDrive\\Documents\\Backoffice Vendedores\\node_modules\\.bin\\.json5-KsooirKt',
303 silly reify   'C:\\Users\\leand\\OneDrive\\Documents\\Backoffice Vendedores\\node_modules\\.bin\\json5.cmd': 'C:\\Users\\leand\\OneDrive\\Documents\\Backoffice Vendedores\\node_modules\\.bin\\.json5.cmd-KIXaLoR8',
303 silly reify   'C:\\Users\\leand\\OneDrive\\Documents\\Backoffice Vendedores\\node_modules\\.bin\\json5.ps1': 'C:\\Users\\leand\\OneDrive\\Documents\\Backoffice Vendedores\\node_modules\\.bin\\.json5.ps1-cfZzmj2A',
303 silly reify   'C:\\Users\\leand\\OneDrive\\Documents\\Backoffice Vendedores\\node_modules\\loose-envify': 'C:\\Users\\leand\\OneDrive\\Documents\\Backoffice Vendedores\\node_modules\\.loose-envify-AqdIqvEr',
303 silly reify   'C:\\Users\\leand\\OneDrive\\Documents\\Backoffice Vendedores\\node_modules\\.bin\\loose-envify': 'C:\\Users\\leand\\OneDrive\\Documents\\Backoffice Vendedores\\node_modules\\.bin\\.loose-envify-X0GLAhH6',
303 silly reify   'C:\\Users\\leand\\OneDrive\\Documents\\Backoffice Vendedores\\node_modules\\.bin\\loose-envify.cmd': 'C:\\Users\\leand\\OneDrive\\Documents\\Backoffice Vendedores\\node_modules\\.bin\\.loose-envify.cmd-YYDBHNgk',
303 silly reify   'C:\\Users\\leand\\OneDrive\\Documents\\Backoffice Vendedores\\node_modules\\.bin\\loose-envify.ps1': 'C:\\Users\\leand\\OneDrive\\Documents\\Backoffice Vendedores\\node_modules\\.bin\\.loose-envify.ps1-uHqhh7ls',
303 silly reify   'C:\\Users\\leand\\OneDrive\\Documents\\Backoffice Vendedores\\node_modules\\nanoid': 'C:\\Users\\leand\\OneDrive\\Documents\\Backoffice Vendedores\\node_modules\\.nanoid-oInKJDPs',
303 silly reify   'C:\\Users\\leand\\OneDrive\\Documents\\Backoffice Vendedores\\node_modules\\.bin\\nanoid': 'C:\\Users\\leand\\OneDrive\\Documents\\Backoffice Vendedores\\node_modules\\.bin\\.nanoid-ZDA9iHKi',
303 silly reify   'C:\\Users\\leand\\OneDrive\\Documents\\Backoffice Vendedores\\node_modules\\.bin\\nanoid.cmd': 'C:\\Users\\leand\\OneDrive\\Documents\\Backoffice Vendedores\\node_modules\\.bin\\.nanoid.cmd-G28ykIvU',
303 silly reify   'C:\\Users\\leand\\OneDrive\\Documents\\Backoffice Vendedores\\node_modules\\.bin\\nanoid.ps1': 'C:\\Users\\leand\\OneDrive\\Documents\\Backoffice Vendedores\\node_modules\\.bin\\.nanoid.ps1-0PyzirCg',
303 silly reify   'C:\\Users\\leand\\OneDrive\\Documents\\Backoffice Vendedores\\node_modules\\resolve': 'C:\\Users\\leand\\OneDrive\\Documents\\Backoffice Vendedores\\node_modules\\.resolve-ZqDbtWRD',
303 silly reify   'C:\\Users\\leand\\OneDrive\\Documents\\Backoffice Vendedores\\node_modules\\.bin\\resolve': 'C:\\Users\\leand\\OneDrive\\Documents\\Backoffice Vendedores\\node_modules\\.bin\\.resolve-WXQXbyN9',
303 silly reify   'C:\\Users\\leand\\OneDrive\\Documents\\Backoffice Vendedores\\node_modules\\.bin\\resolve.cmd': 'C:\\Users\\leand\\OneDrive\\Documents\\Backoffice Vendedores\\node_modules\\.bin\\.resolve.cmd-4qaiuDSo',
303 silly reify   'C:\\Users\\leand\\OneDrive\\Documents\\Backoffice Vendedores\\node_modules\\.bin\\resolve.ps1': 'C:\\Users\\leand\\OneDrive\\Documents\\Backoffice Vendedores\\node_modules\\.bin\\.resolve.ps1-BPRFwq7k',
303 silly reify   'C:\\Users\\leand\\OneDrive\\Documents\\Backoffice Vendedores\\node_modules\\semver': 'C:\\Users\\leand\\OneDrive\\Documents\\Backoffice Vendedores\\node_modules\\.semver-8iaA3dMb',
303 silly reify   'C:\\Users\\leand\\OneDrive\\Documents\\Backoffice Vendedores\\node_modules\\.bin\\semver': 'C:\\Users\\leand\\OneDrive\\Documents\\Backoffice Vendedores\\node_modules\\.bin\\.semver-rYk9Q6fW',
303 silly reify   'C:\\Users\\leand\\OneDrive\\Documents\\Backoffice Vendedores\\node_modules\\.bin\\semver.cmd': 'C:\\Users\\leand\\OneDrive\\Documents\\Backoffice Vendedores\\node_modules\\.bin\\.semver.cmd-sZH7CVuP',
303 silly reify   'C:\\Users\\leand\\OneDrive\\Documents\\Backoffice Vendedores\\node_modules\\.bin\\semver.ps1': 'C:\\Users\\leand\\OneDrive\\Documents\\Backoffice Vendedores\\node_modules\\.bin\\.semver.ps1-dgw9fSkX',
303 silly reify   'C:\\Users\\leand\\OneDrive\\Documents\\Backoffice Vendedores\\node_modules\\rollup': 'C:\\Users\\leand\\OneDrive\\Documents\\Backoffice Vendedores\\node_modules\\.rollup-yiLEFYX4',
303 silly reify   'C:\\Users\\leand\\OneDrive\\Documents\\Backoffice Vendedores\\node_modules\\.bin\\rollup': 'C:\\Users\\leand\\OneDrive\\Documents\\Backoffice Vendedores\\node_modules\\.bin\\.rollup-weYTp5BX',
303 silly reify   'C:\\Users\\leand\\OneDrive\\Documents\\Backoffice Vendedores\\node_modules\\.bin\\rollup.cmd': 'C:\\Users\\leand\\OneDrive\\Documents\\Backoffice Vendedores\\node_modules\\.bin\\.rollup.cmd-pQ6n8WnX',
303 silly reify   'C:\\Users\\leand\\OneDrive\\Documents\\Backoffice Vendedores\\node_modules\\.bin\\rollup.ps1': 'C:\\Users\\leand\\OneDrive\\Documents\\Backoffice Vendedores\\node_modules\\.bin\\.rollup.ps1-k1rQyHGZ',
303 silly reify   'C:\\Users\\leand\\OneDrive\\Documents\\Backoffice Vendedores\\node_modules\\vite': 'C:\\Users\\leand\\OneDrive\\Documents\\Backoffice Vendedores\\node_modules\\.vite-3qr92A5q',
303 silly reify   'C:\\Users\\leand\\OneDrive\\Documents\\Backoffice Vendedores\\node_modules\\.bin\\vite': 'C:\\Users\\leand\\OneDrive\\Documents\\Backoffice Vendedores\\node_modules\\.bin\\.vite-FftXocWL',
303 silly reify   'C:\\Users\\leand\\OneDrive\\Documents\\Backoffice Vendedores\\node_modules\\.bin\\vite.cmd': 'C:\\Users\\leand\\OneDrive\\Documents\\Backoffice Vendedores\\node_modules\\.bin\\.vite.cmd-4Wrvg2vo',
303 silly reify   'C:\\Users\\leand\\OneDrive\\Documents\\Backoffice Vendedores\\node_modules\\.bin\\vite.ps1': 'C:\\Users\\leand\\OneDrive\\Documents\\Backoffice Vendedores\\node_modules\\.bin\\.vite.ps1-c4OPqIIB',
303 silly reify   'C:\\Users\\leand\\OneDrive\\Documents\\Backoffice Vendedores\\node_modules\\update-browserslist-db': 'C:\\Users\\leand\\OneDrive\\Documents\\Backoffice Vendedores\\node_modules\\.update-browserslist-db-3z4rXlWH',
303 silly reify   'C:\\Users\\leand\\OneDrive\\Documents\\Backoffice Vendedores\\node_modules\\.bin\\update-browserslist-db': 'C:\\Users\\leand\\OneDrive\\Documents\\Backoffice Vendedores\\node_modules\\.bin\\.update-browserslist-db-EcnwQYUg',
303 silly reify   'C:\\Users\\leand\\OneDrive\\Documents\\Backoffice Vendedores\\node_modules\\.bin\\update-browserslist-db.cmd': 'C:\\Users\\leand\\OneDrive\\Documents\\Backoffice Vendedores\\node_modules\\.bin\\.update-browserslist-db.cmd-EKz5vEsA',
303 silly reify   'C:\\Users\\leand\\OneDrive\\Documents\\Backoffice Vendedores\\node_modules\\.bin\\update-browserslist-db.ps1': 'C:\\Users\\leand\\OneDrive\\Documents\\Backoffice Vendedores\\node_modules\\.bin\\.update-browserslist-db.ps1-mwZ5MEAi',
303 silly reify   'C:\\Users\\leand\\OneDrive\\Documents\\Backoffice Vendedores\\node_modules\\which': 'C:\\Users\\leand\\OneDrive\\Documents\\Backoffice Vendedores\\node_modules\\.which-TU2PUxJQ',
303 silly reify   'C:\\Users\\leand\\OneDrive\\Documents\\Backoffice Vendedores\\node_modules\\.bin\\node-which': 'C:\\Users\\leand\\OneDrive\\Documents\\Backoffice Vendedores\\node_modules\\.bin\\.node-which-SEUJHvHJ',
303 silly reify   'C:\\Users\\leand\\OneDrive\\Documents\\Backoffice Vendedores\\node_modules\\.bin\\node-which.cmd': 'C:\\Users\\leand\\OneDrive\\Documents\\Backoffice Vendedores\\node_modules\\.bin\\.node-which.cmd-bKowzshO',
303 silly reify   'C:\\Users\\leand\\OneDrive\\Documents\\Backoffice Vendedores\\node_modules\\.bin\\node-which.ps1': 'C:\\Users\\leand\\OneDrive\\Documents\\Backoffice Vendedores\\node_modules\\.bin\\.node-which.ps1-ESH7MixW',
303 silly reify   'C:\\Users\\leand\\OneDrive\\Documents\\Backoffice Vendedores\\node_modules\\xlsx': 'C:\\Users\\leand\\OneDrive\\Documents\\Backoffice Vendedores\\node_modules\\.xlsx-79ErhZOy',
303 silly reify   'C:\\Users\\leand\\OneDrive\\Documents\\Backoffice Vendedores\\node_modules\\.bin\\xlsx': 'C:\\Users\\leand\\OneDrive\\Documents\\Backoffice Vendedores\\node_modules\\.bin\\.xlsx-8dwMosaM',
303 silly reify   'C:\\Users\\leand\\OneDrive\\Documents\\Backoffice Vendedores\\node_modules\\.bin\\xlsx.cmd': 'C:\\Users\\leand\\OneDrive\\Documents\\Backoffice Vendedores\\node_modules\\.bin\\.xlsx.cmd-VXonzTUV',
303 silly reify   'C:\\Users\\leand\\OneDrive\\Documents\\Backoffice Vendedores\\node_modules\\.bin\\xlsx.ps1': 'C:\\Users\\leand\\OneDrive\\Documents\\Backoffice Vendedores\\node_modules\\.bin\\.xlsx.ps1-Sl1MCb0A',
303 silly reify   'C:\\Users\\leand\\OneDrive\\Documents\\Backoffice Vendedores\\node_modules\\@babel\\parser': 'C:\\Users\\leand\\OneDrive\\Documents\\Backoffice Vendedores\\node_modules\\@babel\\.parser-xUCHaxkp',
303 silly reify   'C:\\Users\\leand\\OneDrive\\Documents\\Backoffice Vendedores\\node_modules\\.bin\\parser': 'C:\\Users\\leand\\OneDrive\\Documents\\Backoffice Vendedores\\node_modules\\.bin\\.parser-nVxUMQY0',
303 silly reify   'C:\\Users\\leand\\OneDrive\\Documents\\Backoffice Vendedores\\node_modules\\.bin\\parser.cmd': 'C:\\Users\\leand\\OneDrive\\Documents\\Backoffice Vendedores\\node_modules\\.bin\\.parser.cmd-RI9ZbFtf',
303 silly reify   'C:\\Users\\leand\\OneDrive\\Documents\\Backoffice Vendedores\\node_modules\\.bin\\parser.ps1': 'C:\\Users\\leand\\OneDrive\\Documents\\Backoffice Vendedores\\node_modules\\.bin\\.parser.ps1-PwD6a54Z',
303 silly reify   'C:\\Users\\leand\\OneDrive\\Documents\\Backoffice Vendedores\\node_modules\\@grpc\\proto-loader': 'C:\\Users\\leand\\OneDrive\\Documents\\Backoffice Vendedores\\node_modules\\@grpc\\.proto-loader-yDruvwgM',
303 silly reify   'C:\\Users\\leand\\OneDrive\\Documents\\Backoffice Vendedores\\node_modules\\.bin\\proto-loader-gen-types': 'C:\\Users\\leand\\OneDrive\\Documents\\Backoffice Vendedores\\node_modules\\.bin\\.proto-loader-gen-types-YG9ncZJK',
303 silly reify   'C:\\Users\\leand\\OneDrive\\Documents\\Backoffice Vendedores\\node_modules\\.bin\\proto-loader-gen-types.cmd': 'C:\\Users\\leand\\OneDrive\\Documents\\Backoffice Vendedores\\node_modules\\.bin\\.proto-loader-gen-types.cmd-yA5Nqack',
303 silly reify   'C:\\Users\\leand\\OneDrive\\Documents\\Backoffice Vendedores\\node_modules\\.bin\\proto-loader-gen-types.ps1': 'C:\\Users\\leand\\OneDrive\\Documents\\Backoffice Vendedores\\node_modules\\.bin\\.proto-loader-gen-types.ps1-BXVQr3bf'
303 silly reify }
304 silly audit bulk request {
304 silly audit   'acorn-jsx': [ '5.3.2' ],
304 silly audit   acorn: [ '8.17.0' ],
304 silly audit   'ansi-styles': [ '4.3.0' ],
304 silly audit   'ansi-regex': [ '5.0.1' ],
304 silly audit   'adler-32': [ '1.3.1' ],
304 silly audit   ajv: [ '6.15.0' ],
304 silly audit   'array-buffer-byte-length': [ '1.0.2' ],
304 silly audit   'array-includes': [ '3.1.9' ],
304 silly audit   'array.prototype.flat': [ '1.3.3' ],
304 silly audit   'array.prototype.findlast': [ '1.2.5' ],
304 silly audit   'array.prototype.tosorted': [ '1.1.4' ],
304 silly audit   argparse: [ '2.0.1' ],
304 silly audit   'array.prototype.flatmap': [ '1.3.3' ],
304 silly audit   'async-function': [ '1.0.0' ],
304 silly audit   'baseline-browser-mapping': [ '2.10.41' ],
304 silly audit   'arraybuffer.prototype.slice': [ '1.0.4' ],
304 silly audit   'babel-plugin-macros': [ '3.1.0' ],
304 silly audit   'balanced-match': [ '1.0.2' ],
304 silly audit   'brace-expansion': [ '1.1.15' ],
304 silly audit   'available-typed-arrays': [ '1.0.7' ],
304 silly audit   browserslist: [ '4.28.4' ],
304 silly audit   'call-bind-apply-helpers': [ '1.0.2' ],
304 silly audit   'call-bind': [ '1.0.9' ],
304 silly audit   callsites: [ '3.1.0' ],
304 silly audit   'caniuse-lite': [ '1.0.30001800' ],
304 silly audit   'call-bound': [ '1.0.4' ],
304 silly audit   chalk: [ '4.1.2' ],
304 silly audit   cfb: [ '1.2.2' ],
304 silly audit   cliui: [ '8.0.1' ],
304 silly audit   'chart.js': [ '4.5.1' ],
304 silly audit   codepage: [ '1.15.0' ],
304 silly audit   'color-convert': [ '2.0.1' ],
304 silly audit   'concat-map': [ '0.0.1' ],
304 silly audit   clsx: [ '2.1.1' ],
304 silly audit   'color-name': [ '1.1.4' ],
304 silly audit   'convert-source-map': [ '1.9.0', '2.0.0' ],
304 silly audit   'crc-32': [ '1.2.2' ],
304 silly audit   cosmiconfig: [ '7.1.0' ],
304 silly audit   'data-view-buffer': [ '1.0.2' ],
304 silly audit   'cross-spawn': [ '7.0.6' ],
304 silly audit   'data-view-byte-length': [ '1.0.2' ],
304 silly audit   csstype: [ '3.2.3' ],
304 silly audit   'data-view-byte-offset': [ '1.0.1' ],
304 silly audit   'deep-is': [ '0.1.4' ],
304 silly audit   debug: [ '4.4.3' ],
304 silly audit   'define-data-property': [ '1.1.4' ],
304 silly audit   'define-properties': [ '1.2.1' ],
304 silly audit   'dom-helpers': [ '5.2.1' ],
304 silly audit   doctrine: [ '2.1.0' ],
304 silly audit   'electron-to-chromium': [ '1.5.384' ],
304 silly audit   'error-ex': [ '1.3.4' ],
304 silly audit   'emoji-regex': [ '8.0.0' ],
304 silly audit   'dunder-proto': [ '1.0.1' ],
304 silly audit   'es-abstract': [ '1.24.2' ],
304 silly audit   'es-abstract-get': [ '1.0.0' ],
304 silly audit   'es-define-property': [ '1.0.1' ],
304 silly audit   'es-object-atoms': [ '1.1.2' ],
304 silly audit   'es-iterator-helpers': [ '1.3.3' ],
304 silly audit   'es-set-tostringtag': [ '2.1.0' ],
304 silly audit   'es-shim-unscopables': [ '1.1.0' ],
304 silly audit   'es-to-primitive': [ '1.3.4' ],
304 silly audit   esbuild: [ '0.21.5' ],
304 silly audit   'escape-string-regexp': [ '4.0.0' ],
304 silly audit   'eslint-plugin-react': [ '7.37.5' ],
304 silly audit   resolve: [ '2.0.0-next.7', '1.22.12' ],
304 silly audit   'eslint-plugin-react-hooks': [ '5.2.0' ],
304 silly audit   eslint: [ '9.39.4' ],
304 silly audit   'eslint-plugin-react-refresh': [ '0.4.26' ],
304 silly audit   'eslint-scope': [ '8.4.0' ],
304 silly audit   escalade: [ '3.2.0' ],
304 silly audit   'es-errors': [ '1.3.0' ],
304 silly audit   'eslint-visitor-keys': [ '4.2.1', '3.4.3' ],
304 silly audit   espree: [ '10.4.0' ],
304 silly audit   esrecurse: [ '4.3.0' ],
304 silly audit   esutils: [ '2.0.3' ],
304 silly audit   estraverse: [ '5.3.0' ],
304 silly audit   'fast-deep-equal': [ '3.1.3' ],
304 silly audit   esquery: [ '1.7.0' ],
304 silly audit   'fast-json-stable-stringify': [ '2.1.0' ],
304 silly audit   'faye-websocket': [ '0.11.4' ],
304 silly audit   'fast-levenshtein': [ '2.0.6' ],
304 silly audit   'file-entry-cache': [ '8.0.0' ],
304 silly audit   'find-root': [ '1.1.0' ],
304 silly audit   'flat-cache': [ '4.0.1' ],
304 silly audit   'find-up': [ '5.0.0' ],
304 silly audit   flatted: [ '3.4.2' ],
304 silly audit   firebase: [ '11.10.0' ],
304 silly audit   '@firebase/auth': [ '1.10.8' ],
304 silly audit   frac: [ '1.1.2' ],
304 silly audit   'for-each': [ '0.3.5' ],
304 silly audit   'function-bind': [ '1.1.2' ],
304 silly audit   'get-caller-file': [ '2.0.5' ],
304 silly audit   'functions-have-names': [ '1.2.3' ],
304 silly audit   'generator-function': [ '2.0.1' ],
304 silly audit   'function.prototype.name': [ '1.2.0' ],
304 silly audit   gensync: [ '1.0.0-beta.2' ],
304 silly audit   'get-intrinsic': [ '1.3.0' ],
304 silly audit   'get-proto': [ '1.0.1' ],
304 silly audit   'glob-parent': [ '6.0.2' ],
304 silly audit   globalthis: [ '1.0.4' ],
304 silly audit   globals: [ '14.0.0' ],
304 silly audit   'has-bigints': [ '1.1.0' ],
304 silly audit   'has-flag': [ '4.0.0' ],
304 silly audit   gopd: [ '1.2.0' ],
304 silly audit   'get-symbol-description': [ '1.1.0' ],
304 silly audit   'has-property-descriptors': [ '1.0.2' ],
304 silly audit   'has-proto': [ '1.2.0' ],
304 silly audit   'has-symbols': [ '1.1.0' ],
304 silly audit   idb: [ '7.1.1' ],
304 silly audit   'hoist-non-react-statics': [ '3.3.2' ],
304 silly audit   'react-is': [ '16.13.1', '19.2.7' ],
304 silly audit   'has-tostringtag': [ '1.0.2' ],
304 silly audit   'http-parser-js': [ '0.5.10' ],
304 silly audit   ignore: [ '5.3.2' ],
304 silly audit   hasown: [ '2.0.4' ],
304 silly audit   'internal-slot': [ '1.1.0' ],
304 silly audit   'is-arrayish': [ '0.2.1' ],
304 silly audit   imurmurhash: [ '0.1.4' ],
304 silly audit   'import-fresh': [ '3.3.1' ],
304 silly audit   'is-bigint': [ '1.1.0' ],
304 silly audit   'is-async-function': [ '2.1.1' ],
304 silly audit   'is-boolean-object': [ '1.2.2' ],
304 silly audit   'is-callable': [ '1.2.7' ],
304 silly audit   'is-core-module': [ '2.16.2' ],
304 silly audit   'is-data-view': [ '1.0.2' ],
304 silly audit   'is-date-object': [ '1.1.0' ],
304 silly audit   'is-document.all': [ '1.0.0' ],
304 silly audit   'is-extglob': [ '2.1.1' ],
304 silly audit   'is-fullwidth-code-point': [ '3.0.0' ],
304 silly audit   'is-array-buffer': [ '3.0.5' ],
304 silly audit   'is-glob': [ '4.0.3' ],
304 silly audit   'is-generator-function': [ '1.1.2' ],
304 silly audit   'is-map': [ '2.0.3' ],
304 silly audit   'is-finalizationregistry': [ '1.1.1' ],
304 silly audit   'is-number-object': [ '1.1.1' ],
304 silly audit   'is-set': [ '2.0.3' ],
304 silly audit   'is-regex': [ '1.2.1' ],
304 silly audit   'is-shared-array-buffer': [ '1.0.4' ],
304 silly audit   'is-negative-zero': [ '2.0.3' ],
304 silly audit   'is-symbol': [ '1.1.1' ],
304 silly audit   'is-weakmap': [ '2.0.2' ],
304 silly audit   'is-string': [ '1.1.1' ],
304 silly audit   isarray: [ '2.0.5' ],
304 silly audit   'is-weakset': [ '2.0.4' ],
304 silly audit   'is-typed-array': [ '1.1.15' ],
304 silly audit   'is-weakref': [ '1.1.1' ],
304 silly audit   'iterator.prototype': [ '1.1.5' ],
304 silly audit   'js-tokens': [ '4.0.0' ],
304 silly audit   'json-parse-even-better-errors': [ '2.3.1' ],
304 silly audit   jsesc: [ '3.1.0' ],
304 silly audit   'js-yaml': [ '4.3.0' ],
304 silly audit   isexe: [ '2.0.0' ],
304 silly audit   'json-schema-traverse': [ '0.4.1' ],
304 silly audit   'json-buffer': [ '3.0.1' ],
304 silly audit   json5: [ '2.2.3' ],
304 silly audit   keyv: [ '4.5.4' ],
304 silly audit   levn: [ '0.4.1' ],
304 silly audit   'jsx-ast-utils': [ '3.3.5' ],
304 silly audit   'lines-and-columns': [ '1.2.4' ],
304 silly audit   'json-stable-stringify-without-jsonify': [ '1.0.1' ],
304 silly audit   'locate-path': [ '6.0.0' ],
304 silly audit   'lodash.camelcase': [ '4.3.0' ],
304 silly audit   'lodash.merge': [ '4.6.2' ],
304 silly audit   long: [ '5.3.2' ],
304 silly audit   nanoid: [ '3.3.15' ],
304 silly audit   'math-intrinsics': [ '1.1.0' ],
304 silly audit   'loose-envify': [ '1.4.0' ],
304 silly audit   'lru-cache': [ '5.1.1' ],
304 silly audit   minimatch: [ '3.1.5' ],
304 silly audit   'natural-compare': [ '1.4.0' ],
304 silly audit   'object-inspect': [ '1.13.4' ],
304 silly audit   ms: [ '2.1.3' ],
304 silly audit   'node-releases': [ '2.0.50' ],
304 silly audit   'node-exports-info': [ '1.6.2' ],
304 silly audit   'object.assign': [ '4.1.7' ],
304 silly audit   'object-assign': [ '4.1.1' ],
304 silly audit   'object.entries': [ '1.1.9' ],
304 silly audit   'object.values': [ '1.2.1' ],
304 silly audit   'object-keys': [ '1.1.1' ],
304 silly audit   'object.fromentries': [ '2.0.8' ],
304 silly audit   'p-limit': [ '3.1.0' ],
304 silly audit   'own-keys': [ '1.0.1' ],
304 silly audit   optionator: [ '0.9.4' ],
304 silly audit   'parent-module': [ '1.0.1' ],
304 silly audit   'p-locate': [ '5.0.0' ],
304 silly audit   'parse-json': [ '5.2.0' ],
304 silly audit   'path-exists': [ '4.0.0' ],
304 silly audit   'path-parse': [ '1.0.7' ],
304 silly audit   'possible-typed-array-names': [ '1.1.0' ],
304 silly audit   picocolors: [ '1.1.1' ],
304 silly audit   postcss: [ '8.5.16' ],
304 silly audit   'prelude-ls': [ '1.2.1' ],
304 silly audit   'path-type': [ '4.0.0' ],
304 silly audit   'path-key': [ '3.1.1' ],
304 silly audit   protobufjs: [ '7.6.4' ],
304 silly audit   'prop-types': [ '15.8.1' ],
304 silly audit   react: [ '18.3.1' ],
304 silly audit   'react-chartjs-2': [ '5.3.1' ],
304 silly audit   'react-router-dom': [ '6.30.4' ],
304 silly audit   'react-dom': [ '18.3.1' ],
304 silly audit   'react-refresh': [ '0.17.0' ],
304 silly audit   punycode: [ '2.3.1' ],
304 silly audit   'react-transition-group': [ '4.4.5' ],
304 silly audit   'regexp.prototype.flags': [ '1.5.4' ],
304 silly audit   'react-router': [ '6.30.4' ],
304 silly audit   'reflect.getprototypeof': [ '1.0.10' ],
304 silly audit   'resolve-from': [ '4.0.0' ],
304 silly audit   'require-directory': [ '2.1.1' ],
304 silly audit   rollup: [ '4.62.2' ],
304 silly audit   'safe-array-concat': [ '1.1.4' ],
304 silly audit   'safe-push-apply': [ '1.0.0' ],
304 silly audit   'safe-regex-test': [ '1.1.0' ],
304 silly audit   'safe-buffer': [ '5.2.1' ],
304 silly audit   scheduler: [ '0.23.2' ],
304 silly audit   'set-function-length': [ '1.2.2' ],
304 silly audit   semver: [ '6.3.1' ],
304 silly audit   'shebang-regex': [ '3.0.0' ],
304 silly audit   'set-function-name': [ '2.0.2' ],
304 silly audit   'side-channel-map': [ '1.0.1' ],
304 silly audit   'side-channel': [ '1.1.1' ],
304 silly audit   'side-channel-list': [ '1.0.1' ],
304 silly audit   'source-map-js': [ '1.2.1' ],
304 silly audit   'shebang-command': [ '2.0.0' ],
304 silly audit   'side-channel-weakmap': [ '1.0.2' ],
304 silly audit   'set-proto': [ '1.0.0' ],
304 silly audit   ssf: [ '0.11.2' ],
304 silly audit   'stop-iteration-iterator': [ '1.1.0' ],
304 silly audit   'source-map': [ '0.5.7' ],
304 silly audit   'string.prototype.matchall': [ '4.0.12' ],
304 silly audit   'string.prototype.repeat': [ '1.0.0' ],
304 silly audit   'string-width': [ '4.2.3' ],
304 silly audit   'strip-ansi': [ '6.0.1' ],
304 silly audit   stylis: [ '4.2.0' ],
304 silly audit   'string.prototype.trimstart': [ '1.0.8' ],
304 silly audit   'string.prototype.trimend': [ '1.0.10' ],
304 silly audit   'string.prototype.trim': [ '1.2.11' ],
304 silly audit   tslib: [ '2.8.1' ],
304 silly audit   'supports-color': [ '7.2.0' ],
304 silly audit   'type-check': [ '0.4.0' ],
304 silly audit   'strip-json-comments': [ '3.1.1' ],
304 silly audit   'supports-preserve-symlinks-flag': [ '1.0.0' ],
304 silly audit   'typed-array-buffer': [ '1.0.3' ],
304 silly audit   'typed-array-length': [ '1.0.8' ],
304 silly audit   'typed-array-byte-offset': [ '1.0.4' ],
304 silly audit   'undici-types': [ '8.3.0' ],
304 silly audit   'typed-array-byte-length': [ '1.0.3' ],
304 silly audit   vite: [ '5.4.21' ],
304 silly audit   'unbox-primitive': [ '1.1.0' ],
304 silly audit   'update-browserslist-db': [ '1.2.3' ],
304 silly audit   'web-vitals': [ '4.2.4' ],
304 silly audit   'websocket-extensions': [ '0.1.4' ],
304 silly audit   'websocket-driver': [ '0.7.5' ],
304 silly audit   which: [ '2.0.2' ],
304 silly audit   'uri-js': [ '4.4.1' ],
304 silly audit   'which-collection': [ '1.0.2' ],
304 silly audit   'which-boxed-primitive': [ '1.1.1' ],
304 silly audit   'which-builtin-type': [ '1.2.1' ],
304 silly audit   word: [ '0.3.0' ],
304 silly audit   'which-typed-array': [ '1.1.22' ],
304 silly audit   wmf: [ '1.0.2' ],
304 silly audit   'wrap-ansi': [ '7.0.0' ],
304 silly audit   'word-wrap': [ '1.2.5' ],
304 silly audit   y18n: [ '5.0.8' ],
304 silly audit   xlsx: [ '0.18.5' ],
304 silly audit   yargs: [ '17.7.3' ],
304 silly audit   yallist: [ '3.1.1' ],
304 silly audit   yaml: [ '1.10.3' ],
304 silly audit   'yocto-queue': [ '0.1.0' ],
304 silly audit   'yargs-parser': [ '21.1.1' ],
304 silly audit   '@babel/core': [ '7.29.7' ],
304 silly audit   '@babel/compat-data': [ '7.29.7' ],
304 silly audit   '@babel/code-frame': [ '7.29.7' ],
304 silly audit   '@babel/helper-module-transforms': [ '7.29.7' ],
304 silly audit   '@babel/helper-compilation-targets': [ '7.29.7' ],
304 silly audit   '@babel/generator': [ '7.29.7' ],
304 silly audit   '@babel/helper-globals': [ '7.29.7' ],
304 silly audit   '@babel/helper-module-imports': [ '7.29.7' ],
304 silly audit   '@babel/helper-plugin-utils': [ '7.29.7' ],
304 silly audit   '@babel/helpers': [ '7.29.7' ],
304 silly audit   '@babel/plugin-transform-react-jsx-self': [ '7.29.7' ],
304 silly audit   '@babel/helper-string-parser': [ '7.29.7' ],
304 silly audit   '@babel/plugin-transform-react-jsx-source': [ '7.29.7' ],
304 silly audit   '@babel/helper-validator-identifier': [ '7.29.7' ],
304 silly audit   '@babel/helper-validator-option': [ '7.29.7' ],
304 silly audit   '@babel/runtime': [ '7.29.7' ],
304 silly audit   '@babel/template': [ '7.29.7' ],
304 silly audit   '@babel/parser': [ '7.29.7' ],
304 silly audit   '@babel/traverse': [ '7.29.7' ],
304 silly audit   '@emotion/cache': [ '11.14.0' ],
304 silly audit   '@emotion/is-prop-valid': [ '1.4.0' ],
304 silly audit   '@emotion/hash': [ '0.9.2' ],
304 silly audit   '@emotion/memoize': [ '0.9.0' ],
304 silly audit   '@emotion/babel-plugin': [ '11.13.5' ],
304 silly audit   '@babel/types': [ '7.29.7' ],
304 silly audit   '@emotion/serialize': [ '1.3.3' ],
304 silly audit   '@emotion/styled': [ '11.14.1' ],
304 silly audit   '@emotion/react': [ '11.14.0' ],
304 silly audit   '@emotion/weak-memoize': [ '0.4.0' ],
304 silly audit   '@emotion/unitless': [ '0.10.0' ],
304 silly audit   '@emotion/utils': [ '1.4.2' ],
304 silly audit   '@emotion/sheet': [ '1.4.0' ],
304 silly audit   '@esbuild/win32-x64': [ '0.21.5' ],
304 silly audit   '@eslint/config-array': [ '0.21.2' ],
304 silly audit   '@eslint/core': [ '0.17.0' ],
304 silly audit   '@eslint/config-helpers': [ '0.4.2' ],
304 silly audit   '@emotion/use-insertion-effect-with-fallbacks': [ '1.2.0' ],
304 silly audit   '@eslint/eslintrc': [ '3.3.5' ],
304 silly audit   '@eslint/object-schema': [ '2.1.7' ],
304 silly audit   '@eslint/plugin-kit': [ '0.4.1' ],
304 silly audit   '@firebase/ai': [ '1.4.1' ],
304 silly audit   '@eslint/js': [ '9.39.4' ],
304 silly audit   '@firebase/analytics': [ '0.10.17' ],
304 silly audit   '@firebase/analytics-compat': [ '0.2.23' ],
304 silly audit   '@eslint-community/regexpp': [ '4.12.2' ],
304 silly audit   '@eslint-community/eslint-utils': [ '4.9.1' ],
304 silly audit   '@firebase/app': [ '0.13.2' ],
304 silly audit   '@firebase/analytics-types': [ '0.8.3' ],
304 silly audit   '@firebase/app-check-compat': [ '0.3.26' ],
304 silly audit   '@firebase/app-check-types': [ '0.5.3' ],
304 silly audit   '@firebase/app-check': [ '0.10.1' ],
304 silly audit   '@firebase/app-check-interop-types': [ '0.3.3' ],
304 silly audit   '@firebase/app-types': [ '0.9.3' ],
304 silly audit   '@firebase/auth-interop-types': [ '0.2.4' ],
304 silly audit   '@firebase/auth-types': [ '0.13.0' ],
304 silly audit   '@firebase/component': [ '0.6.18' ],
304 silly audit   '@firebase/app-compat': [ '0.4.2' ],
304 silly audit   '@firebase/auth-compat': [ '0.5.28' ],
304 silly audit   '@firebase/database': [ '1.0.20' ],
304 silly audit   '@firebase/database-compat': [ '2.0.11' ],
304 silly audit   '@firebase/data-connect': [ '0.3.10' ],
304 silly audit   '@firebase/firestore-types': [ '3.0.3' ],
304 silly audit   '@firebase/database-types': [ '1.0.15' ],
304 silly audit   '@firebase/firestore-compat': [ '0.3.53' ],
304 silly audit   '@firebase/functions': [ '0.12.9' ],
304 silly audit   '@firebase/firestore': [ '4.8.0' ],
304 silly audit   '@firebase/functions-compat': [ '0.3.26' ],
304 silly audit   '@firebase/functions-types': [ '0.6.3' ],
304 silly audit   '@firebase/installations-types': [ '0.5.3' ],
304 silly audit   '@firebase/installations-compat': [ '0.2.18' ],
304 silly audit   '@firebase/logger': [ '0.4.4' ],
304 silly audit   '@firebase/messaging': [ '0.12.22' ],
304 silly audit   '@firebase/installations': [ '0.6.18' ],
304 silly audit   '@firebase/messaging-compat': [ '0.2.22' ],
304 silly audit   '@firebase/messaging-interop-types': [ '0.2.3' ],
304 silly audit   '@firebase/performance': [ '0.7.7' ],
304 silly audit   '@firebase/performance-compat': [ '0.2.20' ],
304 silly audit   '@firebase/remote-config': [ '0.6.5' ],
304 silly audit   '@firebase/remote-config-compat': [ '0.2.18' ],
304 silly audit   '@firebase/performance-types': [ '0.2.3' ],
304 silly audit   '@firebase/storage': [ '0.13.14' ],
304 silly audit   '@firebase/remote-config-types': [ '0.4.0' ],
304 silly audit   '@firebase/storage-compat': [ '0.3.24' ],
304 silly audit   '@firebase/storage-types': [ '0.8.3' ],
304 silly audit   '@firebase/util': [ '1.12.1' ],
304 silly audit   '@firebase/webchannel-wrapper': [ '1.0.3' ],
304 silly audit   '@grpc/proto-loader': [ '0.7.15' ],
304 silly audit   '@grpc/grpc-js': [ '1.9.16' ],
304 silly audit   '@humanfs/node': [ '0.16.8' ],
304 silly audit   '@humanfs/core': [ '0.19.2' ],
304 silly audit   '@humanfs/types': [ '0.15.0' ],
304 silly audit   '@humanwhocodes/retry': [ '0.4.3' ],
304 silly audit   '@jridgewell/gen-mapping': [ '0.3.13' ],
304 silly audit   '@humanwhocodes/module-importer': [ '1.0.1' ],
304 silly audit   '@jridgewell/remapping': [ '2.3.5' ],
304 silly audit   '@jridgewell/resolve-uri': [ '3.1.2' ],
304 silly audit   '@jridgewell/sourcemap-codec': [ '1.5.5' ],
304 silly audit   '@mui/core-downloads-tracker': [ '6.5.0' ],
304 silly audit   '@kurkle/color': [ '0.3.4' ],
304 silly audit   '@jridgewell/trace-mapping': [ '0.3.31' ],
304 silly audit   '@mui/types': [ '7.2.24' ],
304 silly audit   '@mui/private-theming': [ '6.4.9' ],
304 silly audit   '@mui/styled-engine': [ '6.5.0' ],
304 silly audit   '@mui/utils': [ '6.4.9' ],
304 silly audit   '@mui/system': [ '6.5.0' ],
304 silly audit   '@mui/material': [ '6.5.0' ],
304 silly audit   '@protobufjs/aspromise': [ '1.1.2' ],
304 silly audit   '@protobufjs/codegen': [ '2.0.5' ],
304 silly audit   '@popperjs/core': [ '2.11.8' ],
304 silly audit   '@protobufjs/fetch': [ '1.1.1' ],
304 silly audit   '@protobufjs/base64': [ '1.1.2' ],
304 silly audit   '@protobufjs/eventemitter': [ '1.1.1' ],
304 silly audit   '@protobufjs/path': [ '1.1.2' ],
304 silly audit   '@protobufjs/float': [ '1.0.2' ],
304 silly audit   '@remix-run/router': [ '1.23.3' ],
304 silly audit   '@protobufjs/utf8': [ '1.1.1' ],
304 silly audit   '@rolldown/pluginutils': [ '1.0.0-beta.27' ],
304 silly audit   '@protobufjs/pool': [ '1.1.0' ],
304 silly audit   '@types/babel__template': [ '7.4.4' ],
304 silly audit   '@rollup/rollup-win32-x64-gnu': [ '4.62.2' ],
304 silly audit   '@rollup/rollup-win32-x64-msvc': [ '4.62.2' ],
304 silly audit   '@types/babel__core': [ '7.20.5' ],
304 silly audit   '@types/babel__generator': [ '7.27.0' ],
304 silly audit   '@types/babel__traverse': [ '7.28.0' ],
304 silly audit   '@types/node': [ '26.1.0' ],
304 silly audit   '@types/json-schema': [ '7.0.15' ],
304 silly audit   '@types/estree': [ '1.0.9' ],
304 silly audit   '@types/react': [ '18.3.31' ],
304 silly audit   '@types/parse-json': [ '4.0.2' ],
304 silly audit   '@types/prop-types': [ '15.7.15' ],
304 silly audit   '@types/react-transition-group': [ '4.4.12' ],
304 silly audit   '@types/react-dom': [ '18.3.7' ],
304 silly audit   '@vitejs/plugin-react': [ '4.7.0' ],
304 silly audit   '@mui/icons-material': [ '6.5.0' ],
304 silly audit   '@esbuild/aix-ppc64': [ '0.21.5' ],
304 silly audit   '@esbuild/android-arm': [ '0.21.5' ],
304 silly audit   '@esbuild/android-arm64': [ '0.21.5' ],
304 silly audit   '@esbuild/android-x64': [ '0.21.5' ],
304 silly audit   '@esbuild/darwin-arm64': [ '0.21.5' ],
304 silly audit   '@esbuild/darwin-x64': [ '0.21.5' ],
304 silly audit   '@esbuild/freebsd-arm64': [ '0.21.5' ],
304 silly audit   '@esbuild/freebsd-x64': [ '0.21.5' ],
304 silly audit   '@esbuild/linux-arm': [ '0.21.5' ],
304 silly audit   '@esbuild/linux-arm64': [ '0.21.5' ],
304 silly audit   '@esbuild/linux-ia32': [ '0.21.5' ],
304 silly audit   '@esbuild/linux-loong64': [ '0.21.5' ],
304 silly audit   '@esbuild/linux-mips64el': [ '0.21.5' ],
304 silly audit   '@esbuild/linux-ppc64': [ '0.21.5' ],
304 silly audit   '@esbuild/linux-riscv64': [ '0.21.5' ],
304 silly audit   '@esbuild/linux-s390x': [ '0.21.5' ],
304 silly audit   '@esbuild/linux-x64': [ '0.21.5' ],
304 silly audit   '@esbuild/netbsd-x64': [ '0.21.5' ],
304 silly audit   '@esbuild/openbsd-x64': [ '0.21.5' ],
304 silly audit   '@esbuild/sunos-x64': [ '0.21.5' ],
304 silly audit   '@esbuild/win32-arm64': [ '0.21.5' ],
304 silly audit   '@esbuild/win32-ia32': [ '0.21.5' ],
304 silly audit   '@rollup/rollup-android-arm-eabi': [ '4.62.2' ],
304 silly audit   '@rollup/rollup-android-arm64': [ '4.62.2' ],
304 silly audit   '@rollup/rollup-darwin-arm64': [ '4.62.2' ],
304 silly audit   '@rollup/rollup-darwin-x64': [ '4.62.2' ],
304 silly audit   '@rollup/rollup-freebsd-arm64': [ '4.62.2' ],
304 silly audit   '@rollup/rollup-freebsd-x64': [ '4.62.2' ],
304 silly audit   '@rollup/rollup-linux-arm-gnueabihf': [ '4.62.2' ],
304 silly audit   '@rollup/rollup-linux-arm-musleabihf': [ '4.62.2' ],
304 silly audit   '@rollup/rollup-linux-arm64-gnu': [ '4.62.2' ],
304 silly audit   '@rollup/rollup-linux-arm64-musl': [ '4.62.2' ],
304 silly audit   '@rollup/rollup-linux-loong64-gnu': [ '4.62.2' ],
304 silly audit   '@rollup/rollup-linux-loong64-musl': [ '4.62.2' ],
304 silly audit   '@rollup/rollup-linux-ppc64-gnu': [ '4.62.2' ],
304 silly audit   '@rollup/rollup-linux-ppc64-musl': [ '4.62.2' ],
304 silly audit   '@rollup/rollup-linux-riscv64-gnu': [ '4.62.2' ],
304 silly audit   '@rollup/rollup-linux-riscv64-musl': [ '4.62.2' ],
304 silly audit   '@rollup/rollup-linux-s390x-gnu': [ '4.62.2' ],
304 silly audit   '@rollup/rollup-linux-x64-gnu': [ '4.62.2' ],
304 silly audit   '@rollup/rollup-linux-x64-musl': [ '4.62.2' ],
304 silly audit   '@rollup/rollup-openbsd-x64': [ '4.62.2' ],
304 silly audit   '@rollup/rollup-openharmony-arm64': [ '4.62.2' ],
304 silly audit   '@rollup/rollup-win32-arm64-msvc': [ '4.62.2' ],
304 silly audit   '@rollup/rollup-win32-ia32-msvc': [ '4.62.2' ],
304 silly audit   fsevents: [ '2.3.3' ]
304 silly audit }
305 silly packumentCache corgi:https://registry.npmjs.org/@grpc%2fproto-loader cache-miss
306 silly packumentCache corgi:https://registry.npmjs.org/@babel%2fparser cache-miss
307 silly packumentCache corgi:https://registry.npmjs.org/xlsx cache-miss
308 silly packumentCache corgi:https://registry.npmjs.org/which cache-miss
309 silly packumentCache corgi:https://registry.npmjs.org/update-browserslist-db cache-miss
310 silly packumentCache corgi:https://registry.npmjs.org/vite cache-miss
311 silly packumentCache corgi:https://registry.npmjs.org/semver cache-miss
312 silly packumentCache corgi:https://registry.npmjs.org/nanoid cache-miss
313 silly packumentCache corgi:https://registry.npmjs.org/rollup cache-miss
314 silly packumentCache corgi:https://registry.npmjs.org/resolve cache-miss
315 silly packumentCache corgi:https://registry.npmjs.org/json5 cache-miss
316 silly packumentCache corgi:https://registry.npmjs.org/loose-envify cache-miss
317 silly packumentCache corgi:https://registry.npmjs.org/jsesc cache-miss
318 silly packumentCache corgi:https://registry.npmjs.org/esbuild cache-miss
319 silly packumentCache corgi:https://registry.npmjs.org/js-yaml cache-miss
320 silly packumentCache corgi:https://registry.npmjs.org/browserslist cache-miss
321 silly packumentCache corgi:https://registry.npmjs.org/crc-32 cache-miss
322 http cache @mui/icons-material@https://registry.npmjs.org/@mui/icons-material/-/icons-material-6.5.0.tgz 0ms (cache hit)
323 silly packumentCache corgi:https://registry.npmjs.org/eslint cache-miss
324 silly packumentCache corgi:https://registry.npmjs.org/resolve cache-miss
325 silly packumentCache corgi:https://registry.npmjs.org/acorn cache-miss
326 silly packumentCache corgi:https://registry.npmjs.org/baseline-browser-mapping cache-miss
327 silly tarball no local data for @mui/icons-material@https://registry.npmjs.org/@mui/icons-material/-/icons-material-6.5.0.tgz. Extracting by manifest.
328 http cache https://registry.npmjs.org/xlsx 339ms (cache hit)
329 silly packumentCache corgi:https://registry.npmjs.org/xlsx set size:134408 disposed:false
330 http cache https://registry.npmjs.org/vite 355ms (cache hit)
331 silly packumentCache corgi:https://registry.npmjs.org/vite set size:2279626 disposed:false
332 http cache https://registry.npmjs.org/esbuild 551ms (cache hit)
333 silly packumentCache corgi:https://registry.npmjs.org/esbuild set size:887361 disposed:false
334 http fetch POST 200 https://registry.npmjs.org/-/npm/v1/security/advisories/bulk 689ms
335 silly audit report {
335 silly audit report   esbuild: [
335 silly audit report     {
335 silly audit report       id: 1102341,
335 silly audit report       url: 'https://github.com/advisories/GHSA-67mh-4wv8-2f99',
335 silly audit report       title: 'esbuild enables any website to send any requests to the development server and read the response',
335 silly audit report       severity: 'moderate',
335 silly audit report       vulnerable_versions: '<=0.24.2',
335 silly audit report       cwe: [Array],
335 silly audit report       cvss: [Object]
335 silly audit report     }
335 silly audit report   ],
335 silly audit report   vite: [
335 silly audit report     {
335 silly audit report       id: 1120784,
335 silly audit report       url: 'https://github.com/advisories/GHSA-v6wh-96g9-6wx3',
335 silly audit report       title: 'launch-editor: NTLMv2 hash disclosure via UNC path handling on Windows',
335 silly audit report       severity: 'moderate',
335 silly audit report       vulnerable_versions: '<=6.4.2',
335 silly audit report       cwe: [Array],
335 silly audit report       cvss: [Object]
335 silly audit report     },
335 silly audit report     {
335 silly audit report       id: 1120789,
335 silly audit report       url: 'https://github.com/advisories/GHSA-fx2h-pf6j-xcff',
335 silly audit report       title: 'vite: `server.fs.deny` bypass on Windows alternate paths',
335 silly audit report       severity: 'high',
335 silly audit report       vulnerable_versions: '<=6.4.2',
335 silly audit report       cwe: [Array],
335 silly audit report       cvss: [Object]
335 silly audit report     },
335 silly audit report     {
335 silly audit report       id: 1116229,
335 silly audit report       url: 'https://github.com/advisories/GHSA-4w7w-66w2-5vf9',
335 silly audit report       title: 'Vite Vulnerable to Path Traversal in Optimized Deps `.map` Handling',
335 silly audit report       severity: 'moderate',
335 silly audit report       vulnerable_versions: '<=6.4.1',
335 silly audit report       cwe: [Array],
335 silly audit report       cvss: [Object]
335 silly audit report     }
335 silly audit report   ],
335 silly audit report   xlsx: [
335 silly audit report     {
335 silly audit report       id: 1108110,
335 silly audit report       url: 'https://github.com/advisories/GHSA-4r6h-8v6p-xvw6',
335 silly audit report       title: 'Prototype Pollution in sheetJS',
335 silly audit report       severity: 'high',
335 silly audit report       vulnerable_versions: '<0.19.3',
335 silly audit report       cwe: [Array],
335 silly audit report       cvss: [Object]
335 silly audit report     },
335 silly audit report     {
335 silly audit report       id: 1108111,
335 silly audit report       url: 'https://github.com/advisories/GHSA-5pgg-2g8v-p4x9',
335 silly audit report       title: 'SheetJS Regular Expression Denial of Service (ReDoS)',
335 silly audit report       severity: 'high',
335 silly audit report       vulnerable_versions: '<0.20.2',
335 silly audit report       cwe: [Array],
335 silly audit report       cvss: [Object]
335 silly audit report     }
335 silly audit report   ]
335 silly audit report }
336 silly packumentCache corgi:https://registry.npmjs.org/esbuild cache-hit
337 silly packumentCache corgi:https://registry.npmjs.org/vite cache-miss
338 silly packumentCache corgi:https://registry.npmjs.org/xlsx cache-hit
339 http cache https://registry.npmjs.org/vite/-/vite-5.4.21.tgz 693ms (cache hit)
340 http cache https://registry.npmjs.org/xlsx/-/xlsx-0.18.5.tgz 774ms (cache hit)
341 http fetch GET 200 https://registry.npmjs.org/loose-envify 1108ms (cache miss)
342 silly packumentCache corgi:https://registry.npmjs.org/loose-envify set size:undefined disposed:false
343 http cache https://registry.npmjs.org/vite 531ms (cache hit)
344 silly packumentCache corgi:https://registry.npmjs.org/vite set size:2279626 disposed:false
345 http fetch GET 200 https://registry.npmjs.org/jsesc 1193ms (cache miss)
346 silly packumentCache corgi:https://registry.npmjs.org/jsesc set size:undefined disposed:false
347 http cache https://registry.npmjs.org/esbuild/-/esbuild-0.21.5.tgz 634ms (cache hit)
348 http fetch GET 200 https://registry.npmjs.org/crc-32 1204ms (cache miss)
349 silly packumentCache corgi:https://registry.npmjs.org/crc-32 set size:undefined disposed:false
350 http fetch GET 200 https://registry.npmjs.org/which 1248ms (cache miss)
351 silly packumentCache corgi:https://registry.npmjs.org/which set size:undefined disposed:false
352 http fetch GET 200 https://registry.npmjs.org/update-browserslist-db 1259ms (cache miss)
353 silly packumentCache corgi:https://registry.npmjs.org/update-browserslist-db set size:undefined disposed:false
354 http fetch GET 200 https://registry.npmjs.org/json5 1253ms (cache miss)
355 silly packumentCache corgi:https://registry.npmjs.org/json5 set size:undefined disposed:false
356 silly packumentCache corgi:https://registry.npmjs.org/@vitejs%2fplugin-react cache-miss
357 http fetch GET 200 https://registry.npmjs.org/js-yaml 1354ms (cache miss)
358 silly packumentCache corgi:https://registry.npmjs.org/js-yaml set size:undefined disposed:false
359 http fetch GET 200 https://registry.npmjs.org/acorn 1370ms (cache miss)
360 silly packumentCache corgi:https://registry.npmjs.org/acorn set size:undefined disposed:false
361 http fetch GET 200 https://registry.npmjs.org/baseline-browser-mapping 1386ms (cache miss)
362 silly packumentCache corgi:https://registry.npmjs.org/baseline-browser-mapping set size:undefined disposed:false
363 http cache https://registry.npmjs.org/loose-envify/-/loose-envify-1.4.0.tgz 314ms (cache hit)
364 http cache https://registry.npmjs.org/jsesc/-/jsesc-3.1.0.tgz 239ms (cache hit)
365 http cache https://registry.npmjs.org/crc-32/-/crc-32-1.2.2.tgz 228ms (cache hit)
366 http fetch GET 200 https://registry.npmjs.org/@grpc%2fproto-loader 1468ms (cache miss)
367 silly packumentCache corgi:https://registry.npmjs.org/@grpc%2fproto-loader set size:undefined disposed:false
368 http fetch GET 200 https://registry.npmjs.org/resolve 1468ms (cache miss)
369 silly packumentCache corgi:https://registry.npmjs.org/resolve set size:undefined disposed:false
370 http cache https://registry.npmjs.org/which/-/which-2.0.2.tgz 250ms (cache hit)
371 http fetch GET 200 https://registry.npmjs.org/semver 1502ms (cache miss)
372 silly packumentCache corgi:https://registry.npmjs.org/semver set size:undefined disposed:false
373 http cache https://registry.npmjs.org/update-browserslist-db/-/update-browserslist-db-1.2.3.tgz 260ms (cache hit)
374 http fetch GET 200 https://registry.npmjs.org/resolve 1498ms (cache miss)
375 silly packumentCache corgi:https://registry.npmjs.org/resolve set size:undefined disposed:false
376 http cache https://registry.npmjs.org/json5/-/json5-2.2.3.tgz 263ms (cache hit)
377 http cache https://registry.npmjs.org/@vitejs%2fplugin-react 212ms (cache hit)
378 silly packumentCache corgi:https://registry.npmjs.org/@vitejs%2fplugin-react set size:115032 disposed:false
379 http cache https://registry.npmjs.org/js-yaml/-/js-yaml-4.3.0.tgz 302ms (cache hit)
380 http cache https://registry.npmjs.org/acorn/-/acorn-8.17.0.tgz 326ms (cache hit)
381 http fetch GET 200 https://registry.npmjs.org/nanoid 1742ms (cache miss)
382 silly packumentCache corgi:https://registry.npmjs.org/nanoid set size:undefined disposed:false
383 http cache https://registry.npmjs.org/baseline-browser-mapping/-/baseline-browser-mapping-2.10.41.tgz 336ms (cache hit)
384 http cache https://registry.npmjs.org/resolve/-/resolve-1.22.12.tgz 323ms (cache hit)
385 http fetch GET 200 https://registry.npmjs.org/browserslist 1812ms (cache miss)
386 silly packumentCache corgi:https://registry.npmjs.org/browserslist set size:undefined disposed:false
387 http cache https://registry.npmjs.org/semver/-/semver-6.3.1.tgz 339ms (cache hit)
388 http cache https://registry.npmjs.org/resolve/-/resolve-2.0.0-next.7.tgz 324ms (cache hit)
389 http fetch GET 200 https://registry.npmjs.org/@babel%2fparser 1921ms (cache miss)
390 silly packumentCache corgi:https://registry.npmjs.org/@babel%2fparser set size:undefined disposed:false
391 http fetch GET 200 https://registry.npmjs.org/@grpc/proto-loader/-/proto-loader-0.7.15.tgz 467ms (cache revalidated)
392 http cache https://registry.npmjs.org/nanoid/-/nanoid-3.3.15.tgz 245ms (cache hit)
393 http cache https://registry.npmjs.org/browserslist/-/browserslist-4.28.4.tgz 217ms (cache hit)
394 http fetch GET 200 https://registry.npmjs.org/@babel/parser/-/parser-7.29.7.tgz 411ms (cache revalidated)
395 http fetch GET 200 https://registry.npmjs.org/eslint 2332ms (cache miss)
396 silly packumentCache corgi:https://registry.npmjs.org/eslint set size:undefined disposed:false
397 http cache https://registry.npmjs.org/eslint/-/eslint-9.39.4.tgz 332ms (cache hit)
398 http fetch GET 200 https://registry.npmjs.org/rollup 2950ms (cache miss)
399 silly packumentCache corgi:https://registry.npmjs.org/rollup set size:undefined disposed:false
400 http cache https://registry.npmjs.org/rollup/-/rollup-4.62.2.tgz 73ms (cache hit)
401 http fetch GET 200 https://registry.npmjs.org/@mui/icons-material/-/icons-material-6.5.0.tgz 132055ms (cache miss)
402 info run esbuild@0.21.5 postinstall node_modules/esbuild node install.js
403 info run esbuild@0.21.5 postinstall { code: 0, signal: null }
404 silly CHANGE node_modules/@grpc/proto-loader
405 silly CHANGE node_modules/@babel/parser
406 silly CHANGE node_modules/xlsx
407 silly CHANGE node_modules/which
408 silly CHANGE node_modules/update-browserslist-db
409 silly CHANGE node_modules/vite
410 silly CHANGE node_modules/rollup
411 silly CHANGE node_modules/semver
412 silly CHANGE node_modules/resolve
413 silly CHANGE node_modules/nanoid
414 silly CHANGE node_modules/loose-envify
415 silly CHANGE node_modules/json5
416 silly CHANGE node_modules/jsesc
417 silly CHANGE node_modules/js-yaml
418 silly CHANGE node_modules/eslint-plugin-react/node_modules/resolve
419 silly CHANGE node_modules/esbuild
420 silly CHANGE node_modules/eslint
421 silly CHANGE node_modules/crc-32
422 silly CHANGE node_modules/browserslist
423 silly CHANGE node_modules/baseline-browser-mapping
424 silly CHANGE node_modules/acorn
425 silly CHANGE node_modules/@mui/icons-material
426 verbose cwd C:\Users\leand\OneDrive\Documents\Backoffice Vendedores
427 verbose os Windows_NT 10.0.26200
428 verbose node v24.16.0
429 verbose npm  v11.13.0
430 verbose exit 0
431 info ok
